Archive member included because of file (symbol)

c:/users/pescatore/switchdrive/private/konzept/mcu for gate driver/dave_4-4-2_64bit_2018-02-23/dave-ide-4.4.2-64bit/eclipse/arm-gcc-49/bin/../lib/gcc/arm-none-eabi/4.9.3/../../../../arm-none-eabi/lib/armv7e-m/softfp\libm.a(lib_a-w_log.o)
                              ./main.o (log)
c:/users/pescatore/switchdrive/private/konzept/mcu for gate driver/dave_4-4-2_64bit_2018-02-23/dave-ide-4.4.2-64bit/eclipse/arm-gcc-49/bin/../lib/gcc/arm-none-eabi/4.9.3/../../../../arm-none-eabi/lib/armv7e-m/softfp\libm.a(lib_a-e_log.o)
                              c:/users/pescatore/switchdrive/private/konzept/mcu for gate driver/dave_4-4-2_64bit_2018-02-23/dave-ide-4.4.2-64bit/eclipse/arm-gcc-49/bin/../lib/gcc/arm-none-eabi/4.9.3/../../../../arm-none-eabi/lib/armv7e-m/softfp\libm.a(lib_a-w_log.o) (__ieee754_log)
c:/users/pescatore/switchdrive/private/konzept/mcu for gate driver/dave_4-4-2_64bit_2018-02-23/dave-ide-4.4.2-64bit/eclipse/arm-gcc-49/bin/../lib/gcc/arm-none-eabi/4.9.3/../../../../arm-none-eabi/lib/armv7e-m/softfp\libm.a(lib_a-s_fpclassify.o)
                              c:/users/pescatore/switchdrive/private/konzept/mcu for gate driver/dave_4-4-2_64bit_2018-02-23/dave-ide-4.4.2-64bit/eclipse/arm-gcc-49/bin/../lib/gcc/arm-none-eabi/4.9.3/../../../../arm-none-eabi/lib/armv7e-m/softfp\libm.a(lib_a-w_log.o) (__fpclassifyd)
c:/users/pescatore/switchdrive/private/konzept/mcu for gate driver/dave_4-4-2_64bit_2018-02-23/dave-ide-4.4.2-64bit/eclipse/arm-gcc-49/bin/../lib/gcc/arm-none-eabi/4.9.3/../../../../arm-none-eabi/lib/armv7e-m/softfp\libm.a(lib_a-s_lib_ver.o)
                              c:/users/pescatore/switchdrive/private/konzept/mcu for gate driver/dave_4-4-2_64bit_2018-02-23/dave-ide-4.4.2-64bit/eclipse/arm-gcc-49/bin/../lib/gcc/arm-none-eabi/4.9.3/../../../../arm-none-eabi/lib/armv7e-m/softfp\libm.a(lib_a-w_log.o) (__fdlib_version)
c:/users/pescatore/switchdrive/private/konzept/mcu for gate driver/dave_4-4-2_64bit_2018-02-23/dave-ide-4.4.2-64bit/eclipse/arm-gcc-49/bin/../lib/gcc/arm-none-eabi/4.9.3/../../../../arm-none-eabi/lib/armv7e-m/softfp\libm.a(lib_a-s_matherr.o)
                              c:/users/pescatore/switchdrive/private/konzept/mcu for gate driver/dave_4-4-2_64bit_2018-02-23/dave-ide-4.4.2-64bit/eclipse/arm-gcc-49/bin/../lib/gcc/arm-none-eabi/4.9.3/../../../../arm-none-eabi/lib/armv7e-m/softfp\libm.a(lib_a-w_log.o) (matherr)
c:/users/pescatore/switchdrive/private/konzept/mcu for gate driver/dave_4-4-2_64bit_2018-02-23/dave-ide-4.4.2-64bit/eclipse/arm-gcc-49/bin/../lib/gcc/arm-none-eabi/4.9.3/../../../../arm-none-eabi/lib/armv7e-m/softfp\libm.a(lib_a-s_nan.o)
                              c:/users/pescatore/switchdrive/private/konzept/mcu for gate driver/dave_4-4-2_64bit_2018-02-23/dave-ide-4.4.2-64bit/eclipse/arm-gcc-49/bin/../lib/gcc/arm-none-eabi/4.9.3/../../../../arm-none-eabi/lib/armv7e-m/softfp\libm.a(lib_a-w_log.o) (nan)
c:/users/pescatore/switchdrive/private/konzept/mcu for gate driver/dave_4-4-2_64bit_2018-02-23/dave-ide-4.4.2-64bit/eclipse/arm-gcc-49/bin/../lib/gcc/arm-none-eabi/4.9.3/armv7e-m/softfp\libgcc.a(_arm_addsubdf3.o)
                              ./main.o (__aeabi_dsub)
c:/users/pescatore/switchdrive/private/konzept/mcu for gate driver/dave_4-4-2_64bit_2018-02-23/dave-ide-4.4.2-64bit/eclipse/arm-gcc-49/bin/../lib/gcc/arm-none-eabi/4.9.3/armv7e-m/softfp\libgcc.a(_arm_muldivdf3.o)
                              ./main.o (__aeabi_dmul)
c:/users/pescatore/switchdrive/private/konzept/mcu for gate driver/dave_4-4-2_64bit_2018-02-23/dave-ide-4.4.2-64bit/eclipse/arm-gcc-49/bin/../lib/gcc/arm-none-eabi/4.9.3/armv7e-m/softfp\libgcc.a(_arm_cmpdf2.o)
                              c:/users/pescatore/switchdrive/private/konzept/mcu for gate driver/dave_4-4-2_64bit_2018-02-23/dave-ide-4.4.2-64bit/eclipse/arm-gcc-49/bin/../lib/gcc/arm-none-eabi/4.9.3/../../../../arm-none-eabi/lib/armv7e-m/softfp\libm.a(lib_a-w_log.o) (__aeabi_dcmpeq)
c:/users/pescatore/switchdrive/private/konzept/mcu for gate driver/dave_4-4-2_64bit_2018-02-23/dave-ide-4.4.2-64bit/eclipse/arm-gcc-49/bin/../lib/gcc/arm-none-eabi/4.9.3/armv7e-m/softfp\libgcc.a(_arm_truncdfsf2.o)
                              ./main.o (__aeabi_d2f)
c:/users/pescatore/switchdrive/private/konzept/mcu for gate driver/dave_4-4-2_64bit_2018-02-23/dave-ide-4.4.2-64bit/eclipse/arm-gcc-49/bin/../lib/gcc/arm-none-eabi/4.9.3/armv7e-m/softfp\libgcc.a(_aeabi_ldivmod.o)
                              ./Dave/Generated/ACIM_FREQ_CTRL/acim_freq_ctrl.o (__aeabi_ldivmod)
c:/users/pescatore/switchdrive/private/konzept/mcu for gate driver/dave_4-4-2_64bit_2018-02-23/dave-ide-4.4.2-64bit/eclipse/arm-gcc-49/bin/../lib/gcc/arm-none-eabi/4.9.3/armv7e-m/softfp\libgcc.a(bpabi.o)
[...]
Memory Configuration

Name             Origin             Length             Attributes
FLASH_1_cached   0x08000000         0x00080000         xr
FLASH_1_uncached 0x0c000000         0x00080000         xr
PSRAM_1          0x1fffc000         0x00004000         !xr
DSRAM_1_system   0x20000000         0x00008000         !xr
DSRAM_2_comm     0x20008000         0x00008000         !xr
SRAM_combined    0x1fffc000         0x00014000         !xr
*default*        0x00000000         0xffffffff

Linker script and memory map

LOAD ./Startup/startup_XMC4400.o
LOAD ./Startup/system_XMC4400.o
LOAD ./Libraries/XMCLib/src/xmc4_eru.o
LOAD ./Libraries/XMCLib/src/xmc4_flash.o
LOAD ./Libraries/XMCLib/src/xmc4_gpio.o
LOAD ./Libraries/XMCLib/src/xmc4_rtc.o
LOAD ./Libraries/XMCLib/src/xmc4_scu.o
LOAD ./Libraries/XMCLib/src/xmc_can.o
LOAD ./Libraries/XMCLib/src/xmc_ccu4.o
LOAD ./Libraries/XMCLib/src/xmc_ccu8.o
LOAD ./Libraries/XMCLib/src/xmc_common.o
LOAD ./Libraries/XMCLib/src/xmc_dac.o
LOAD ./Libraries/XMCLib/src/xmc_dma.o
LOAD ./Libraries/XMCLib/src/xmc_dsd.o
LOAD ./Libraries/XMCLib/src/xmc_ebu.o
LOAD ./Libraries/XMCLib/src/xmc_ecat.o
LOAD ./Libraries/XMCLib/src/xmc_eru.o
LOAD ./Libraries/XMCLib/src/xmc_eth_mac.o
LOAD ./Libraries/XMCLib/src/xmc_eth_phy_dp83848.o
LOAD ./Libraries/XMCLib/src/xmc_eth_phy_ksz8031rnl.o
LOAD ./Libraries/XMCLib/src/xmc_eth_phy_ksz8081rnb.o
LOAD ./Libraries/XMCLib/src/xmc_fce.o
LOAD ./Libraries/XMCLib/src/xmc_gpio.o
LOAD ./Libraries/XMCLib/src/xmc_hrpwm.o
LOAD ./Libraries/XMCLib/src/xmc_i2c.o
LOAD ./Libraries/XMCLib/src/xmc_i2s.o
LOAD ./Libraries/XMCLib/src/xmc_ledts.o
LOAD ./Libraries/XMCLib/src/xmc_posif.o
LOAD ./Libraries/XMCLib/src/xmc_rtc.o
LOAD ./Libraries/XMCLib/src/xmc_sdmmc.o
LOAD ./Libraries/XMCLib/src/xmc_spi.o
LOAD ./Libraries/XMCLib/src/xmc_uart.o
LOAD ./Libraries/XMCLib/src/xmc_usbd.o
LOAD ./Libraries/XMCLib/src/xmc_usbh.o
LOAD ./Libraries/XMCLib/src/xmc_usic.o
LOAD ./Libraries/XMCLib/src/xmc_vadc.o
LOAD ./Libraries/XMCLib/src/xmc_wdt.o
LOAD ./Libraries/Newlib/syscalls.o
LOAD ./Dave/Generated/UART_CONFIG/uart_config.o
LOAD ./Dave/Generated/UART_CONFIG/uart_config_conf.o
LOAD ./Dave/Generated/UART/uart.o
LOAD ./Dave/Generated/UART/uart_conf.o
LOAD ./Dave/Generated/SYSTIMER/systimer.o
LOAD ./Dave/Generated/SYSTIMER/systimer_conf.o
LOAD ./Dave/Generated/PWM_SVM/pwm_svm.o
LOAD ./Dave/Generated/PWM_SVM/pwm_svm_conf.o
LOAD ./Dave/Generated/PWM_SVM/pwm_svm_table.o
LOAD ./Dave/Generated/PWM_CCU4/pwm_ccu4.o
LOAD ./Dave/Generated/PWM_CCU4/pwm_ccu4_conf.o
LOAD ./Dave/Generated/MOTOR_LIB/motor_lib.o
LOAD ./Dave/Generated/I2C_MASTER/i2c_master.o
LOAD ./Dave/Generated/I2C_MASTER/i2c_master_conf.o
LOAD ./Dave/Generated/GLOBAL_CCU8/global_ccu8.o
LOAD ./Dave/Generated/GLOBAL_CCU8/global_ccu8_conf.o
LOAD ./Dave/Generated/GLOBAL_CCU4/global_ccu4.o
LOAD ./Dave/Generated/GLOBAL_CCU4/global_ccu4_conf.o
LOAD ./Dave/Generated/GLOBAL_ADC/global_adc.o
LOAD ./Dave/Generated/GLOBAL_ADC/global_adc_conf.o
LOAD ./Dave/Generated/DIGITAL_IO/digital_io.o
LOAD ./Dave/Generated/DIGITAL_IO/digital_io_conf.o
LOAD ./Dave/Generated/CPU_CTRL_XMC4/cpu_ctrl_xmc4.o
LOAD ./Dave/Generated/CPU_CTRL_XMC4/cpu_ctrl_xmc4_conf.o
LOAD ./Dave/Generated/CLOCK_XMC4/clock_xmc4.o
LOAD ./Dave/Generated/CLOCK_XMC4/clock_xmc4_conf.o
LOAD ./Dave/Generated/CCU8_SLICE_CONFIG/ccu8_slice_config.o
LOAD ./Dave/Generated/CCU8_SLICE_CONFIG/ccu8_slice_config_conf.o
LOAD ./Dave/Generated/CCU4_SLICE_CONFIG/ccu4_slice_config.o
LOAD ./Dave/Generated/CCU4_SLICE_CONFIG/ccu4_slice_config_conf.o
LOAD ./Dave/Generated/AUTOMATION/automation.o
LOAD ./Dave/Generated/AUTOMATION/automation_conf.o
LOAD ./Dave/Generated/ANALOG_IO/analog_io.o
LOAD ./Dave/Generated/ANALOG_IO/analog_io_conf.o
LOAD ./Dave/Generated/ADC_MEASUREMENT/adc_measurement.o
LOAD ./Dave/Generated/ADC_MEASUREMENT/adc_measurement_conf.o
LOAD ./Dave/Generated/ACIM_FREQ_CTRL/acim_freq_ctrl.o
LOAD ./Dave/Generated/ACIM_FREQ_CTRL/acim_freq_ctrl_conf.o
LOAD ./Dave/Generated/ACIM_FREQ_CTRL/acim_freq_ctrl_control.o
LOAD ./Dave/Generated/DAVE.o
LOAD ./main.o
LOAD c:/users/pescatore/switchdrive/private/konzept/mcu for gate driver/dave_4-4-2_64bit_2018-02-23/dave-ide-4.4.2-64bit/eclipse/arm-gcc-49/bin/../lib/gcc/arm-none-eabi/4.9.3/../../../../arm-none-eabi/lib/armv7e-m/softfp\libm.a
START GROUP
LOAD c:/users/pescatore/switchdrive/private/konzept/mcu for gate driver/dave_4-4-2_64bit_2018-02-23/dave-ide-4.4.2-64bit/eclipse/arm-gcc-49/bin/../lib/gcc/arm-none-eabi/4.9.3/armv7e-m/softfp\libgcc.a
LOAD c:/users/pescatore/switchdrive/private/konzept/mcu for gate driver/dave_4-4-2_64bit_2018-02-23/dave-ide-4.4.2-64bit/eclipse/arm-gcc-49/bin/../lib/gcc/arm-none-eabi/4.9.3/../../../../arm-none-eabi/lib/armv7e-m/softfp\libg_nano.a
LOAD c:/users/pescatore/switchdrive/private/konzept/mcu for gate driver/dave_4-4-2_64bit_2018-02-23/dave-ide-4.4.2-64bit/eclipse/arm-gcc-49/bin/../lib/gcc/arm-none-eabi/4.9.3/../../../../arm-none-eabi/lib/armv7e-m/softfp\libc_nano.a
END GROUP
START GROUP
LOAD c:/users/pescatore/switchdrive/private/konzept/mcu for gate driver/dave_4-4-2_64bit_2018-02-23/dave-ide-4.4.2-64bit/eclipse/arm-gcc-49/bin/../lib/gcc/arm-none-eabi/4.9.3/armv7e-m/softfp\libgcc.a
LOAD c:/users/pescatore/switchdrive/private/konzept/mcu for gate driver/dave_4-4-2_64bit_2018-02-23/dave-ide-4.4.2-64bit/eclipse/arm-gcc-49/bin/../lib/gcc/arm-none-eabi/4.9.3/../../../../arm-none-eabi/lib/armv7e-m/softfp\libc_nano.a
LOAD c:/users/pescatore/switchdrive/private/konzept/mcu for gate driver/dave_4-4-2_64bit_2018-02-23/dave-ide-4.4.2-64bit/eclipse/arm-gcc-49/bin/../lib/gcc/arm-none-eabi/4.9.3/../../../../arm-none-eabi/lib/armv7e-m/softfp\libnosys.a
END GROUP
START GROUP
LOAD c:/users/pescatore/switchdrive/private/konzept/mcu for gate driver/dave_4-4-2_64bit_2018-02-23/dave-ide-4.4.2-64bit/eclipse/arm-gcc-49/bin/../lib/gcc/arm-none-eabi/4.9.3/armv7e-m/softfp\libgcc.a
LOAD c:/users/pescatore/switchdrive/private/konzept/mcu for gate driver/dave_4-4-2_64bit_2018-02-23/dave-ide-4.4.2-64bit/eclipse/arm-gcc-49/bin/../lib/gcc/arm-none-eabi/4.9.3/../../../../arm-none-eabi/lib/armv7e-m/softfp\libc_nano.a
LOAD c:/users/pescatore/switchdrive/private/konzept/mcu for gate driver/dave_4-4-2_64bit_2018-02-23/dave-ide-4.4.2-64bit/eclipse/arm-gcc-49/bin/../lib/gcc/arm-none-eabi/4.9.3/../../../../arm-none-eabi/lib/armv7e-m/softfp\libnosys.a
END GROUP
                0x00000800                stack_size = DEFINED (stack_size)?stack_size:0x800
                0x00000040                no_init_size = 0x40

.text           0x08000000     0xad40 load address 0x0c000000
                0x08000000                sText = .
 *(.reset)
 .reset         0x08000000      0x29c ./Startup/startup_XMC4400.o
                0x08000000                __Vectors
                0x08000200                Reset_Handler
                0x08000298                DSD0_7_IRQHandler
                0x08000298                DebugMon_Handler
                0x08000298                VADC0_C0_0_IRQHandler
                0x08000298                CAN0_4_IRQHandler
                0x08000298                VADC0_G2_0_IRQHandler
                0x08000298                POSIF0_0_IRQHandler
                0x08000298                POSIF1_0_IRQHandler
                0x08000298                HardFault_Handler
                0x08000298                VADC0_G1_1_IRQHandler
                0x08000298                PendSV_Handler
                0x08000298                NMI_Handler
                0x08000298                USIC1_3_IRQHandler
                0x08000298                CCU40_2_IRQHandler
                0x08000298                SCU_0_IRQHandler
                0x08000298                ERU0_0_IRQHandler
                0x08000298                CCU41_0_IRQHandler
                0x08000298                USIC1_5_IRQHandler
                0x08000298                DSD0_4_IRQHandler
                0x08000298                CCU80_1_IRQHandler
                0x08000298                HRPWM_0_IRQHandler
                0x08000298                HRPWM_1_IRQHandler
                0x08000298                UsageFault_Handler
                0x08000298                USIC0_0_IRQHandler
                0x08000298                POSIF1_1_IRQHandler
                0x08000298                ERU0_2_IRQHandler
                0x08000298                CCU81_1_IRQHandler
                0x08000298                ERU1_1_IRQHandler
                0x08000298                VADC0_G2_3_IRQHandler
                0x08000298                VADC0_G2_2_IRQHandler
                0x08000298                CCU42_3_IRQHandler
                0x08000298                ERU0_3_IRQHandler
                0x08000298                DSD0_5_IRQHandler
                0x08000298                VADC0_C0_3_IRQHandler
                0x08000298                CAN0_6_IRQHandler
                0x08000298                CCU43_0_IRQHandler
                0x08000298                VADC0_G0_1_IRQHandler
                0x08000298                CCU81_2_IRQHandler
                0x08000298                CCU81_3_IRQHandler
                0x08000298                CCU42_1_IRQHandler
                0x08000298                CCU40_0_IRQHandler
                0x08000298                CAN0_0_IRQHandler
                0x08000298                ERU1_0_IRQHandler
                0x08000298                HRPWM_3_IRQHandler
                0x08000298                CCU42_2_IRQHandler
                0x08000298                Default_Handler
                0x08000298                USIC1_4_IRQHandler
                0x08000298                ERU1_3_IRQHandler
                0x08000298                POSIF0_1_IRQHandler
                0x08000298                VADC0_G0_0_IRQHandler
                0x08000298                DSD0_2_IRQHandler
                0x08000298                CCU41_3_IRQHandler
                0x08000298                CCU80_2_IRQHandler
                0x08000298                VADC0_G1_3_IRQHandler
                0x08000298                VADC0_G0_3_IRQHandler
                0x08000298                GPDMA0_0_IRQHandler
                0x08000298                PMU0_0_IRQHandler
                0x08000298                CAN0_7_IRQHandler
                0x08000298                DSD0_1_IRQHandler
                0x08000298                CCU41_2_IRQHandler
                0x08000298                VADC0_C0_1_IRQHandler
                0x08000298                CCU43_2_IRQHandler
                0x08000298                MemManage_Handler
                0x08000298                VADC0_G3_1_IRQHandler
                0x08000298                DAC0_0_IRQHandler
                0x08000298                SVC_Handler
                0x08000298                VADC0_G3_3_IRQHandler
                0x08000298                ERU1_2_IRQHandler
                0x08000298                CCU41_1_IRQHandler
                0x08000298                DSD0_6_IRQHandler
                0x08000298                CCU43_1_IRQHandler
                0x08000298                VADC0_G1_2_IRQHandler
                0x08000298                CAN0_2_IRQHandler
                0x08000298                VADC0_G0_2_IRQHandler
                0x08000298                VADC0_G2_1_IRQHandler
                0x08000298                CAN0_3_IRQHandler
                0x08000298                ETH0_0_IRQHandler
                0x08000298                DSD0_0_IRQHandler
                0x08000298                HRPWM_2_IRQHandler
                0x08000298                FCE0_0_IRQHandler
                0x08000298                VADC0_G1_0_IRQHandler
                0x08000298                USB0_0_IRQHandler
                0x08000298                CAN0_5_IRQHandler
                0x08000298                CCU80_0_IRQHandler
                0x08000298                CCU40_1_IRQHandler
                0x08000298                USIC0_1_IRQHandler
                0x08000298                VADC0_G3_2_IRQHandler
                0x08000298                CCU40_3_IRQHandler
                0x08000298                BusFault_Handler
                0x08000298                LEDTS0_0_IRQHandler
                0x08000298                USIC0_4_IRQHandler
                0x08000298                CCU43_3_IRQHandler
                0x08000298                ERU0_1_IRQHandler
                0x08000298                VADC0_G3_0_IRQHandler
                0x08000298                USIC1_2_IRQHandler
                0x08000298                DSD0_3_IRQHandler
                0x08000298                CAN0_1_IRQHandler
                0x08000298                USIC0_2_IRQHandler
                0x08000298                DAC0_1_IRQHandler
 *(.text .text.* .gnu.linkonce.t.*)
 .text.SystemInit
                0x0800029c       0x34 ./Startup/system_XMC4400.o
                0x0800029c                SystemInit
 .text.SystemCoreClockUpdate
                0x080002d0       0xd4 ./Startup/system_XMC4400.o
                0x080002d0                SystemCoreClockUpdate
 .text.XMC_GPIO_Init
                0x080003a4      0x14c ./Libraries/XMCLib/src/xmc4_gpio.o
                0x080003a4                XMC_GPIO_Init
 .text.XMC_SCU_CLOCK_GetCpuClockFrequency
                0x080004f0       0x18 ./Libraries/XMCLib/src/xmc4_scu.o
 .text.XMC_SCU_GetMirrorStatus
                0x08000508       0x18 ./Libraries/XMCLib/src/xmc4_scu.o
 .text.XMC_SCU_lDelay
                0x08000520       0x44 ./Libraries/XMCLib/src/xmc4_scu.o
 .text.XMC_SCU_CLOCK_Init
                0x08000564       0xec ./Libraries/XMCLib/src/xmc4_scu.o
                0x08000564                XMC_SCU_CLOCK_Init
 .text.XMC_SCU_RESET_DeassertPeripheralReset
                0x08000650       0x38 ./Libraries/XMCLib/src/xmc4_scu.o
                0x08000650                XMC_SCU_RESET_DeassertPeripheralReset
 .text.XMC_SCU_CLOCK_GetPeripheralClockFrequency
                0x08000688       0x20 ./Libraries/XMCLib/src/xmc4_scu.o
                0x08000688                XMC_SCU_CLOCK_GetPeripheralClockFrequency
 .text.XMC_SCU_CLOCK_SetSystemClockSource
                0x080006a8       0x28 ./Libraries/XMCLib/src/xmc4_scu.o
                0x080006a8                XMC_SCU_CLOCK_SetSystemClockSource
 .text.XMC_SCU_CLOCK_SetUsbClockSource
                0x080006d0       0x28 ./Libraries/XMCLib/src/xmc4_scu.o
                0x080006d0                XMC_SCU_CLOCK_SetUsbClockSource
 .text.XMC_SCU_CLOCK_SetWdtClockSource
                0x080006f8       0x28 ./Libraries/XMCLib/src/xmc4_scu.o
                0x080006f8                XMC_SCU_CLOCK_SetWdtClockSource
 .text.XMC_SCU_CLOCK_SetSystemPllClockSource
                0x08000720       0x40 ./Libraries/XMCLib/src/xmc4_scu.o
                0x08000720                XMC_SCU_CLOCK_SetSystemPllClockSource
 .text.XMC_SCU_HIB_SetRtcClockSource
                0x08000760       0x3c ./Libraries/XMCLib/src/xmc4_scu.o
                0x08000760                XMC_SCU_HIB_SetRtcClockSource
 .text.XMC_SCU_HIB_SetStandbyClockSource
                0x0800079c       0x3c ./Libraries/XMCLib/src/xmc4_scu.o
                0x0800079c                XMC_SCU_HIB_SetStandbyClockSource
 .text.XMC_SCU_CLOCK_SetSystemClockDivider
                0x080007d8       0x28 ./Libraries/XMCLib/src/xmc4_scu.o
                0x080007d8                XMC_SCU_CLOCK_SetSystemClockDivider
 .text.XMC_SCU_CLOCK_SetCcuClockDivider
                0x08000800       0x28 ./Libraries/XMCLib/src/xmc4_scu.o
                0x08000800                XMC_SCU_CLOCK_SetCcuClockDivider
 .text.XMC_SCU_CLOCK_SetCpuClockDivider
                0x08000828       0x28 ./Libraries/XMCLib/src/xmc4_scu.o
                0x08000828                XMC_SCU_CLOCK_SetCpuClockDivider
 .text.XMC_SCU_CLOCK_SetPeripheralClockDivider
                0x08000850       0x28 ./Libraries/XMCLib/src/xmc4_scu.o
                0x08000850                XMC_SCU_CLOCK_SetPeripheralClockDivider
 .text.XMC_SCU_CLOCK_SetUsbClockDivider
                0x08000878       0x28 ./Libraries/XMCLib/src/xmc4_scu.o
                0x08000878                XMC_SCU_CLOCK_SetUsbClockDivider
 .text.XMC_SCU_CLOCK_SetWdtClockDivider
                0x080008a0       0x28 ./Libraries/XMCLib/src/xmc4_scu.o
                0x080008a0                XMC_SCU_CLOCK_SetWdtClockDivider
 .text.XMC_SCU_CLOCK_EnableClock
                0x080008c8       0x20 ./Libraries/XMCLib/src/xmc4_scu.o
                0x080008c8                XMC_SCU_CLOCK_EnableClock
 .text.XMC_SCU_CLOCK_UngatePeripheralClock
                0x080008e8       0x38 ./Libraries/XMCLib/src/xmc4_scu.o
                0x080008e8                XMC_SCU_CLOCK_UngatePeripheralClock
 .text.XMC_SCU_CLOCK_StartUsbPll
                0x08000920       0x74 ./Libraries/XMCLib/src/xmc4_scu.o
                0x08000920                XMC_SCU_CLOCK_StartUsbPll
 .text.XMC_SCU_CLOCK_SetBackupClockCalibrationMode
                0x08000994       0x4c ./Libraries/XMCLib/src/xmc4_scu.o
                0x08000994                XMC_SCU_CLOCK_SetBackupClockCalibrationMode
 .text.XMC_SCU_HIB_EnableHibernateDomain
                0x080009e0       0x58 ./Libraries/XMCLib/src/xmc4_scu.o
                0x080009e0                XMC_SCU_HIB_EnableHibernateDomain
 .text.XMC_SCU_CLOCK_IsLowPowerOscillatorStable
                0x08000a38       0x10 ./Libraries/XMCLib/src/xmc4_scu.o
                0x08000a38                XMC_SCU_CLOCK_IsLowPowerOscillatorStable
 .text.XMC_SCU_CLOCK_EnableLowPowerOscillator
                0x08000a48       0x68 ./Libraries/XMCLib/src/xmc4_scu.o
                0x08000a48                XMC_SCU_CLOCK_EnableLowPowerOscillator
 .text.XMC_SCU_CLOCK_EnableHighPerformanceOscillator
                0x08000ab0       0x50 ./Libraries/XMCLib/src/xmc4_scu.o
                0x08000ab0                XMC_SCU_CLOCK_EnableHighPerformanceOscillator
 .text.XMC_SCU_CLOCK_IsHighPerformanceOscillatorStable
                0x08000b00       0x28 ./Libraries/XMCLib/src/xmc4_scu.o
                0x08000b00                XMC_SCU_CLOCK_IsHighPerformanceOscillatorStable
 .text.XMC_SCU_CLOCK_EnableSystemPll
                0x08000b28       0x20 ./Libraries/XMCLib/src/xmc4_scu.o
                0x08000b28                XMC_SCU_CLOCK_EnableSystemPll
 .text.XMC_SCU_CLOCK_DisableSystemPll
                0x08000b48       0x20 ./Libraries/XMCLib/src/xmc4_scu.o
                0x08000b48                XMC_SCU_CLOCK_DisableSystemPll
 .text.XMC_SCU_CLOCK_StartSystemPll
                0x08000b68      0x174 ./Libraries/XMCLib/src/xmc4_scu.o
                0x08000b68                XMC_SCU_CLOCK_StartSystemPll
 .text.XMC_SCU_CLOCK_StepSystemPllFrequency
                0x08000cdc       0x2c ./Libraries/XMCLib/src/xmc4_scu.o
                0x08000cdc                XMC_SCU_CLOCK_StepSystemPllFrequency
 .text.XMC_CCU4_StartPrescaler
                0x08000d08       0x20 ./Libraries/XMCLib/src/xmc_ccu4.o
 .text.XMC_CCU4_lDeassertReset
                0x08000d28       0x60 ./Libraries/XMCLib/src/xmc_ccu4.o
 .text.XMC_CCU4_lUngateClock
                0x08000d88       0x60 ./Libraries/XMCLib/src/xmc_ccu4.o
 .text.XMC_CCU4_EnableModule
                0x08000de8       0x20 ./Libraries/XMCLib/src/xmc_ccu4.o
                0x08000de8                XMC_CCU4_EnableModule
 .text.XMC_CCU4_Init
                0x08000e08       0x3c ./Libraries/XMCLib/src/xmc_ccu4.o
                0x08000e08                XMC_CCU4_Init
 .text.XMC_CCU4_SetMultiChannelShadowTransferMode
                0x08000e44       0x38 ./Libraries/XMCLib/src/xmc_ccu4.o
                0x08000e44                XMC_CCU4_SetMultiChannelShadowTransferMode
 .text.XMC_CCU4_SLICE_CompareInit
                0x08000e7c       0x6c ./Libraries/XMCLib/src/xmc_ccu4.o
                0x08000e7c                XMC_CCU4_SLICE_CompareInit
 .text.XMC_CCU4_SLICE_StartConfig
                0x08000ee8       0x5c ./Libraries/XMCLib/src/xmc_ccu4.o
                0x08000ee8                XMC_CCU4_SLICE_StartConfig
 .text.XMC_CCU4_SLICE_StopConfig
                0x08000f44       0x58 ./Libraries/XMCLib/src/xmc_ccu4.o
                0x08000f44                XMC_CCU4_SLICE_StopConfig
 .text.XMC_CCU4_SLICE_LoadConfig
                0x08000f9c       0x34 ./Libraries/XMCLib/src/xmc_ccu4.o
                0x08000f9c                XMC_CCU4_SLICE_LoadConfig
 .text.XMC_CCU4_SLICE_ModulationConfig
                0x08000fd0       0x80 ./Libraries/XMCLib/src/xmc_ccu4.o
                0x08000fd0                XMC_CCU4_SLICE_ModulationConfig
 .text.XMC_CCU4_SLICE_CountConfig
                0x08001050       0x34 ./Libraries/XMCLib/src/xmc_ccu4.o
                0x08001050                XMC_CCU4_SLICE_CountConfig
 .text.XMC_CCU4_SLICE_GateConfig
                0x08001084       0x34 ./Libraries/XMCLib/src/xmc_ccu4.o
                0x08001084                XMC_CCU4_SLICE_GateConfig
 .text.XMC_CCU4_SLICE_DirectionConfig
                0x080010b8       0x34 ./Libraries/XMCLib/src/xmc_ccu4.o
                0x080010b8                XMC_CCU4_SLICE_DirectionConfig
 .text.XMC_CCU4_SLICE_StatusBitOverrideConfig
                0x080010ec       0x30 ./Libraries/XMCLib/src/xmc_ccu4.o
                0x080010ec                XMC_CCU4_SLICE_StatusBitOverrideConfig
 .text.XMC_CCU4_SLICE_TrapConfig
                0x0800111c       0x74 ./Libraries/XMCLib/src/xmc_ccu4.o
                0x0800111c                XMC_CCU4_SLICE_TrapConfig
 .text.XMC_CCU4_SLICE_ConfigureStatusBitOverrideEvent
                0x08001190       0xc4 ./Libraries/XMCLib/src/xmc_ccu4.o
                0x08001190                XMC_CCU4_SLICE_ConfigureStatusBitOverrideEvent
 .text.XMC_CCU4_SLICE_ConfigureEvent
                0x08001254       0xd4 ./Libraries/XMCLib/src/xmc_ccu4.o
                0x08001254                XMC_CCU4_SLICE_ConfigureEvent
 .text.XMC_CCU4_SLICE_SetInterruptNode
                0x08001328       0xb0 ./Libraries/XMCLib/src/xmc_ccu4.o
                0x08001328                XMC_CCU4_SLICE_SetInterruptNode
 .text.XMC_CCU8_StartPrescaler
                0x080013d8       0x20 ./Libraries/XMCLib/src/xmc_ccu8.o
 .text.XMC_CCU8_SLICE_StopTimer
                0x080013f8       0x18 ./Libraries/XMCLib/src/xmc_ccu8.o
 .text.XMC_CCU8_lDeassertReset
                0x08001410       0x38 ./Libraries/XMCLib/src/xmc_ccu8.o
 .text.XMC_CCU8_lUngateClock
                0x08001448       0x38 ./Libraries/XMCLib/src/xmc_ccu8.o
 .text.XMC_CCU8_EnableModule
                0x08001480       0x20 ./Libraries/XMCLib/src/xmc_ccu8.o
                0x08001480                XMC_CCU8_EnableModule
 .text.XMC_CCU8_Init
                0x080014a0       0x3c ./Libraries/XMCLib/src/xmc_ccu8.o
                0x080014a0                XMC_CCU8_Init
 .text.XMC_CCU8_SLICE_CompareInit
                0x080014dc       0x74 ./Libraries/XMCLib/src/xmc_ccu8.o
                0x080014dc                XMC_CCU8_SLICE_CompareInit
 .text.XMC_CCU8_SLICE_SetOutPath
                0x08001550       0x38 ./Libraries/XMCLib/src/xmc_ccu8.o
                0x08001550                XMC_CCU8_SLICE_SetOutPath
 .text.XMC_CCU8_SetMultiChannelShadowTransferMode
                0x08001588       0x38 ./Libraries/XMCLib/src/xmc_ccu8.o
                0x08001588                XMC_CCU8_SetMultiChannelShadowTransferMode
 .text.XMC_CCU8_SLICE_StartConfig
                0x080015c0       0x5c ./Libraries/XMCLib/src/xmc_ccu8.o
                0x080015c0                XMC_CCU8_SLICE_StartConfig
 .text.XMC_CCU8_SLICE_DirectionConfig
                0x0800161c       0x34 ./Libraries/XMCLib/src/xmc_ccu8.o
                0x0800161c                XMC_CCU8_SLICE_DirectionConfig
 .text.XMC_CCU8_SLICE_TrapConfig
                0x08001650       0x74 ./Libraries/XMCLib/src/xmc_ccu8.o
                0x08001650                XMC_CCU8_SLICE_TrapConfig
 .text.XMC_CCU8_SLICE_ConfigureEvent
                0x080016c4       0xd4 ./Libraries/XMCLib/src/xmc_ccu8.o
                0x080016c4                XMC_CCU8_SLICE_ConfigureEvent
 .text.XMC_CCU8_SLICE_SetTimerPeriodMatch
                0x08001798       0x1c ./Libraries/XMCLib/src/xmc_ccu8.o
                0x08001798                XMC_CCU8_SLICE_SetTimerPeriodMatch
 .text.XMC_CCU8_SLICE_SetTimerCompareMatch
                0x080017b4       0x30 ./Libraries/XMCLib/src/xmc_ccu8.o
                0x080017b4                XMC_CCU8_SLICE_SetTimerCompareMatch
 .text.XMC_CCU8_SLICE_DeadTimeInit
                0x080017e4       0x2c ./Libraries/XMCLib/src/xmc_ccu8.o
                0x080017e4                XMC_CCU8_SLICE_DeadTimeInit
 .text.XMC_CCU8_SLICE_ConfigureStatusBitOutput
                0x08001810       0x30 ./Libraries/XMCLib/src/xmc_ccu8.o
                0x08001810                XMC_CCU8_SLICE_ConfigureStatusBitOutput
 .text.XMC_GPIO_SetMode
                0x08001840       0x80 ./Libraries/XMCLib/src/xmc_gpio.o
                0x08001840                XMC_GPIO_SetMode
 .text.XMC_GPIO_SetHardwareControl
                0x080018c0       0x44 ./Libraries/XMCLib/src/xmc_gpio.o
                0x080018c0                XMC_GPIO_SetHardwareControl
 .text.XMC_USIC_CH_GetTransmitBufferStatus
                0x08001904       0x20 ./Libraries/XMCLib/src/xmc_i2c.o
 .text.XMC_I2C_CH_ClearStatusFlag
                0x08001924       0x20 ./Libraries/XMCLib/src/xmc_i2c.o
 .text.XMC_I2C_CH_Init
                0x08001944       0x50 ./Libraries/XMCLib/src/xmc_i2c.o
                0x08001944                XMC_I2C_CH_Init
 .text.XMC_I2C_CH_SetSlaveAddress
                0x08001994       0x40 ./Libraries/XMCLib/src/xmc_i2c.o
                0x08001994                XMC_I2C_CH_SetSlaveAddress
 .text.XMC_I2C_CH_SetBaudrate
                0x080019d4       0x78 ./Libraries/XMCLib/src/xmc_i2c.o
                0x080019d4                XMC_I2C_CH_SetBaudrate
 .text.XMC_I2C_CH_MasterStop
                0x08001a4c       0x4c ./Libraries/XMCLib/src/xmc_i2c.o
                0x08001a4c                XMC_I2C_CH_MasterStop
 .text.XMC_I2C_CH_MasterTransmit
                0x08001a98       0x4c ./Libraries/XMCLib/src/xmc_i2c.o
                0x08001a98                XMC_I2C_CH_MasterTransmit
 .text.XMC_I2C_CH_MasterReceiveAck
                0x08001ae4       0x4c ./Libraries/XMCLib/src/xmc_i2c.o
                0x08001ae4                XMC_I2C_CH_MasterReceiveAck
 .text.XMC_I2C_CH_MasterReceiveNack
                0x08001b30       0x4c ./Libraries/XMCLib/src/xmc_i2c.o
                0x08001b30                XMC_I2C_CH_MasterReceiveNack
 .text.XMC_I2C_CH_GetReceivedData
                0x08001b7c       0x34 ./Libraries/XMCLib/src/xmc_i2c.o
                0x08001b7c                XMC_I2C_CH_GetReceivedData
 .text.XMC_I2C_CH_DisableEvent
                0x08001bb0       0x3c ./Libraries/XMCLib/src/xmc_i2c.o
                0x08001bb0                XMC_I2C_CH_DisableEvent
 .text.XMC_USIC_CH_GetTransmitBufferStatus
                0x08001bec       0x20 ./Libraries/XMCLib/src/xmc_uart.o
 .text.XMC_UART_CH_ClearStatusFlag
                0x08001c0c       0x1c ./Libraries/XMCLib/src/xmc_uart.o
 .text.XMC_UART_CH_Init
                0x08001c28       0xac ./Libraries/XMCLib/src/xmc_uart.o
                0x08001c28                XMC_UART_CH_Init
 .text.XMC_UART_CH_Transmit
                0x08001cd4       0x4c ./Libraries/XMCLib/src/xmc_uart.o
                0x08001cd4                XMC_UART_CH_Transmit
 .text.XMC_UART_CH_GetReceivedData
                0x08001d20       0x34 ./Libraries/XMCLib/src/xmc_uart.o
                0x08001d20                XMC_UART_CH_GetReceivedData
 .text.XMC_USIC_CH_Enable
                0x08001d54       0x74 ./Libraries/XMCLib/src/xmc_usic.o
                0x08001d54                XMC_USIC_CH_Enable
 .text.XMC_USIC_CH_SetBaudrate
                0x08001dc8       0xe0 ./Libraries/XMCLib/src/xmc_usic.o
                0x08001dc8                XMC_USIC_CH_SetBaudrate
 .text.XMC_USIC_CH_TXFIFO_Configure
                0x08001ea8       0x50 ./Libraries/XMCLib/src/xmc_usic.o
                0x08001ea8                XMC_USIC_CH_TXFIFO_Configure
 .text.XMC_USIC_CH_RXFIFO_Configure
                0x08001ef8       0x54 ./Libraries/XMCLib/src/xmc_usic.o
                0x08001ef8                XMC_USIC_CH_RXFIFO_Configure
 .text.XMC_USIC_CH_RXFIFO_SetSizeTriggerLimit
                0x08001f4c       0x44 ./Libraries/XMCLib/src/xmc_usic.o
                0x08001f4c                XMC_USIC_CH_RXFIFO_SetSizeTriggerLimit
 .text.XMC_USIC_CH_SetInterruptNodePointer
                0x08001f90       0x38 ./Libraries/XMCLib/src/xmc_usic.o
                0x08001f90                XMC_USIC_CH_SetInterruptNodePointer
 .text.XMC_USIC_CH_TXFIFO_SetInterruptNodePointer
                0x08001fc8       0x3c ./Libraries/XMCLib/src/xmc_usic.o
                0x08001fc8                XMC_USIC_CH_TXFIFO_SetInterruptNodePointer
 .text.XMC_USIC_CH_RXFIFO_SetInterruptNodePointer
                0x08002004       0x3c ./Libraries/XMCLib/src/xmc_usic.o
                0x08002004                XMC_USIC_CH_RXFIFO_SetInterruptNodePointer
 .text.XMC_USIC_Enable
                0x08002040       0x48 ./Libraries/XMCLib/src/xmc_usic.o
                0x08002040                XMC_USIC_Enable
 .text.XMC_VADC_GROUP_ExternalMuxControlInit
                0x08002088       0x7c ./Libraries/XMCLib/src/xmc_vadc.o
 .text.XMC_VADC_GROUP_BackgroundEnableArbitrationSlot
                0x08002104       0x24 ./Libraries/XMCLib/src/xmc_vadc.o
 .text.XMC_VADC_GROUP_BackgroundDisableArbitrationSlot
                0x08002128       0x24 ./Libraries/XMCLib/src/xmc_vadc.o
 .text.XMC_VADC_GLOBAL_EnableModule
                0x0800214c       0x14 ./Libraries/XMCLib/src/xmc_vadc.o
                0x0800214c                XMC_VADC_GLOBAL_EnableModule
 .text.XMC_VADC_GLOBAL_Init
                0x08002160       0x54 ./Libraries/XMCLib/src/xmc_vadc.o
                0x08002160                XMC_VADC_GLOBAL_Init
 .text.XMC_VADC_GLOBAL_InputClassInit
                0x080021b4       0x48 ./Libraries/XMCLib/src/xmc_vadc.o
                0x080021b4                XMC_VADC_GLOBAL_InputClassInit
 .text.XMC_VADC_GLOBAL_StartupCalibration
                0x080021fc       0x60 ./Libraries/XMCLib/src/xmc_vadc.o
                0x080021fc                XMC_VADC_GLOBAL_StartupCalibration
 .text.XMC_VADC_GLOBAL_BackgroundSetReqSrcEventInterruptNode
                0x0800225c       0x48 ./Libraries/XMCLib/src/xmc_vadc.o
                0x0800225c                XMC_VADC_GLOBAL_BackgroundSetReqSrcEventInterruptNode
 .text.XMC_VADC_GROUP_Init
                0x080022a4       0x68 ./Libraries/XMCLib/src/xmc_vadc.o
                0x080022a4                XMC_VADC_GROUP_Init
 .text.XMC_VADC_GROUP_InputClassInit
                0x0800230c       0xb8 ./Libraries/XMCLib/src/xmc_vadc.o
                0x0800230c                XMC_VADC_GROUP_InputClassInit
 .text.XMC_VADC_GROUP_SetPowerMode
                0x080023c4       0x38 ./Libraries/XMCLib/src/xmc_vadc.o
                0x080023c4                XMC_VADC_GROUP_SetPowerMode
 .text.XMC_VADC_GLOBAL_BackgroundInit
                0x080023fc       0xfc ./Libraries/XMCLib/src/xmc_vadc.o
                0x080023fc                XMC_VADC_GLOBAL_BackgroundInit
 .text.XMC_VADC_GROUP_ChannelInit
                0x080024f8       0xdc ./Libraries/XMCLib/src/xmc_vadc.o
                0x080024f8                XMC_VADC_GROUP_ChannelInit
 .text._init    0x080025d4        0xc ./Libraries/Newlib/syscalls.o
                0x080025d4                _init
 .text.UART_CONFIG_Init
                0x080025e0       0x20 ./Dave/Generated/UART_CONFIG/uart_config.o
                0x080025e0                UART_CONFIG_Init
 .text.XMC_USIC_CH_SetInputSource
                0x08002600       0x3c ./Dave/Generated/UART_CONFIG/uart_config_conf.o
 .text.XMC_UART_CH_SetSamplePoint
                0x0800263c       0x28 ./Dave/Generated/UART_CONFIG/uart_config_conf.o
 .text.UART_CONFIG_0_lInit
                0x08002664       0x34 ./Dave/Generated/UART_CONFIG/uart_config_conf.o
                0x08002664                UART_CONFIG_0_lInit
 .text.XMC_USIC_CH_EnableEvent
                0x08002698       0x20 ./Dave/Generated/UART/uart.o
 .text.XMC_USIC_CH_DisableEvent
                0x080026b8       0x24 ./Dave/Generated/UART/uart.o
 .text.XMC_USIC_CH_GetTransmitBufferStatus
                0x080026dc       0x20 ./Dave/Generated/UART/uart.o
 .text.XMC_USIC_CH_TriggerServiceRequest
                0x080026fc       0x20 ./Dave/Generated/UART/uart.o
 .text.XMC_USIC_CH_TXFIFO_EnableEvent
                0x0800271c       0x24 ./Dave/Generated/UART/uart.o
 .text.XMC_USIC_CH_TXFIFO_DisableEvent
                0x08002740       0x28 ./Dave/Generated/UART/uart.o
 .text.XMC_USIC_CH_TXFIFO_Flush
                0x08002768       0x1c ./Dave/Generated/UART/uart.o
 .text.XMC_USIC_CH_TXFIFO_IsFull
                0x08002784       0x28 ./Dave/Generated/UART/uart.o
 .text.XMC_USIC_CH_TXFIFO_IsEmpty
                0x080027ac       0x28 ./Dave/Generated/UART/uart.o
 .text.XMC_USIC_CH_RXFIFO_EnableEvent
                0x080027d4       0x24 ./Dave/Generated/UART/uart.o
 .text.XMC_USIC_CH_RXFIFO_DisableEvent
                0x080027f8       0x28 ./Dave/Generated/UART/uart.o
 .text.XMC_USIC_CH_RXFIFO_Flush
                0x08002820       0x1c ./Dave/Generated/UART/uart.o
 .text.XMC_USIC_CH_RXFIFO_IsEmpty
                0x0800283c       0x28 ./Dave/Generated/UART/uart.o
 .text.UART_Init
                0x08002864       0x24 ./Dave/Generated/UART/uart.o
                0x08002864                UART_Init
 .text.UART_Transmit
                0x08002888       0x38 ./Dave/Generated/UART/uart.o
                0x08002888                UART_Transmit
 .text.UART_Receive
                0x080028c0       0x38 ./Dave/Generated/UART/uart.o
                0x080028c0                UART_Receive
 .text.UART_StartTransmitIRQ
                0x080028f8       0xb8 ./Dave/Generated/UART/uart.o
                0x080028f8                UART_StartTransmitIRQ
 .text.UART_StartReceiveIRQ
                0x080029b0       0xac ./Dave/Generated/UART/uart.o
                0x080029b0                UART_StartReceiveIRQ
 .text.UART_lTransmitHandler
                0x08002a5c      0x10c ./Dave/Generated/UART/uart.o
                0x08002a5c                UART_lTransmitHandler
 .text.UART_lReceiveHandler
                0x08002b68      0x120 ./Dave/Generated/UART/uart.o
                0x08002b68                UART_lReceiveHandler
 .text.UART_lReconfigureRxFIFO
                0x08002c88       0x50 ./Dave/Generated/UART/uart.o
 .text.__NVIC_GetPriorityGrouping
                0x08002cd8       0x1c ./Dave/Generated/UART/uart_conf.o
 .text.__NVIC_EnableIRQ
                0x08002cf4       0x38 ./Dave/Generated/UART/uart_conf.o
 .text.__NVIC_SetPriority
                0x08002d2c       0x54 ./Dave/Generated/UART/uart_conf.o
 .text.NVIC_EncodePriority
                0x08002d80       0x64 ./Dave/Generated/UART/uart_conf.o
 .text.XMC_USIC_CH_SetInputSource
                0x08002de4       0x3c ./Dave/Generated/UART/uart_conf.o
 .text.XMC_UART_CH_Start
                0x08002e20       0x24 ./Dave/Generated/UART/uart_conf.o
 .text.UART_0_init
                0x08002e44       0xd4 ./Dave/Generated/UART/uart_conf.o
                0x08002e44                UART_0_init
 .text.USIC1_1_IRQHandler
                0x08002f18       0x10 ./Dave/Generated/UART/uart_conf.o
                0x08002f18                USIC1_1_IRQHandler
 .text.USIC1_0_IRQHandler
                0x08002f28       0x10 ./Dave/Generated/UART/uart_conf.o
                0x08002f28                USIC1_0_IRQHandler
 .text.__NVIC_GetPriorityGrouping
                0x08002f38       0x1c ./Dave/Generated/SYSTIMER/systimer.o
 .text.__NVIC_SetPriority
                0x08002f54       0x54 ./Dave/Generated/SYSTIMER/systimer.o
 .text.NVIC_EncodePriority
                0x08002fa8       0x64 ./Dave/Generated/SYSTIMER/systimer.o
 .text.SysTick_Config
                0x0800300c       0x44 ./Dave/Generated/SYSTIMER/systimer.o
 .text.SYSTIMER_lInsertTimerList
                0x08003050      0x1c4 ./Dave/Generated/SYSTIMER/systimer.o
 .text.SYSTIMER_lRemoveTimerList
                0x08003214       0xc0 ./Dave/Generated/SYSTIMER/systimer.o
 .text.SYSTIMER_lTimerHandler
                0x080032d4       0xcc ./Dave/Generated/SYSTIMER/systimer.o
 .text.SysTick_Handler
                0x080033a0       0x48 ./Dave/Generated/SYSTIMER/systimer.o
                0x080033a0                SysTick_Handler
 .text.SYSTIMER_Init
                0x080033e8       0x74 ./Dave/Generated/SYSTIMER/systimer.o
                0x080033e8                SYSTIMER_Init
 .text.SYSTIMER_CreateTimer
                0x0800345c      0x13c ./Dave/Generated/SYSTIMER/systimer.o
                0x0800345c                SYSTIMER_CreateTimer
 .text.SYSTIMER_StartTimer
                0x08003598       0x80 ./Dave/Generated/SYSTIMER/systimer.o
                0x08003598                SYSTIMER_StartTimer
 .text.SYSTIMER_StopTimer
                0x08003618       0x70 ./Dave/Generated/SYSTIMER/systimer.o
                0x08003618                SYSTIMER_StopTimer
 .text.SYSTIMER_DeleteTimer
                0x08003688       0x9c ./Dave/Generated/SYSTIMER/systimer.o
                0x08003688                SYSTIMER_DeleteTimer
 .text.SYSTIMER_GetTime
                0x08003724       0x20 ./Dave/Generated/SYSTIMER/systimer.o
                0x08003724                SYSTIMER_GetTime
 .text.XMC_CCU8_EnableClock
                0x08003744       0x28 ./Dave/Generated/PWM_SVM/pwm_svm.o
 .text.XMC_CCU8_SLICE_EnableTrap
                0x0800376c       0x24 ./Dave/Generated/PWM_SVM/pwm_svm.o
 .text.XMC_CCU8_SLICE_DisableTrap
                0x08003790       0x24 ./Dave/Generated/PWM_SVM/pwm_svm.o
 .text.XMC_CCU8_SLICE_StopTimer
                0x080037b4       0x18 ./Dave/Generated/PWM_SVM/pwm_svm.o
 .text.XMC_CCU8_EnableShadowTransfer
                0x080037cc       0x1c ./Dave/Generated/PWM_SVM/pwm_svm.o
 .text.XMC_CCU8_SLICE_SetTimerValue
                0x080037e8       0x1c ./Dave/Generated/PWM_SVM/pwm_svm.o
 .text.XMC_CCU8_SLICE_EnableEvent
                0x08003804       0x2c ./Dave/Generated/PWM_SVM/pwm_svm.o
 .text.XMC_CCU8_SLICE_ClearEvent
                0x08003830       0x2c ./Dave/Generated/PWM_SVM/pwm_svm.o
 .text.XMC_SCU_SetCcuTriggerHigh
                0x0800385c       0x24 ./Dave/Generated/PWM_SVM/pwm_svm.o
 .text.XMC_SCU_SetCcuTriggerLow
                0x08003880       0x24 ./Dave/Generated/PWM_SVM/pwm_svm.o
 .text.XMC_GPIO_SetOutputHigh
                0x080038a4       0x20 ./Dave/Generated/PWM_SVM/pwm_svm.o
 .text.XMC_GPIO_SetOutputLow
                0x080038c4       0x24 ./Dave/Generated/PWM_SVM/pwm_svm.o
 .text.PWM_SVM_lEnableEvent
                0x080038e8       0x44 ./Dave/Generated/PWM_SVM/pwm_svm.o
                0x080038e8                PWM_SVM_lEnableEvent
 .text.PWM_SVM_InverterDisable
                0x0800392c       0x4c ./Dave/Generated/PWM_SVM/pwm_svm.o
                0x0800392c                PWM_SVM_InverterDisable
 .text.PWM_SVM_InverterEnable
                0x08003978       0x4c ./Dave/Generated/PWM_SVM/pwm_svm.o
                0x08003978                PWM_SVM_InverterEnable
 .text.PWM_SVM_Init
                0x080039c4      0x298 ./Dave/Generated/PWM_SVM/pwm_svm.o
                0x080039c4                PWM_SVM_Init
 .text.PWM_SVM_Start
                0x08003c5c      0x294 ./Dave/Generated/PWM_SVM/pwm_svm.o
                0x08003c5c                PWM_SVM_Start
 .text.PWM_SVM_Stop
                0x08003ef0       0xec ./Dave/Generated/PWM_SVM/pwm_svm.o
                0x08003ef0                PWM_SVM_Stop
 .text.PWM_SVM_SetPWMFrequency
                0x08003fdc      0x130 ./Dave/Generated/PWM_SVM/pwm_svm.o
                0x08003fdc                PWM_SVM_SetPWMFrequency
 .text.XMC_CCU4_EnableClock
                0x0800410c       0x28 ./Dave/Generated/PWM_CCU4/pwm_ccu4.o
 .text.XMC_CCU4_SLICE_EnableTrap
                0x08004134       0x20 ./Dave/Generated/PWM_CCU4/pwm_ccu4.o
 .text.XMC_CCU4_SLICE_StartTimer
                0x08004154       0x18 ./Dave/Generated/PWM_CCU4/pwm_ccu4.o
 .text.XMC_CCU4_SLICE_SetTimerPeriodMatch
                0x0800416c       0x1c ./Dave/Generated/PWM_CCU4/pwm_ccu4.o
 .text.XMC_CCU4_SLICE_SetTimerCompareMatch
                0x08004188       0x1c ./Dave/Generated/PWM_CCU4/pwm_ccu4.o
 .text.XMC_CCU4_EnableShadowTransfer
                0x080041a4       0x1c ./Dave/Generated/PWM_CCU4/pwm_ccu4.o
 .text.XMC_CCU4_SLICE_EnableEvent
                0x080041c0       0x2c ./Dave/Generated/PWM_CCU4/pwm_ccu4.o
 .text.PWM_CCU4_Init
                0x080041ec      0x140 ./Dave/Generated/PWM_CCU4/pwm_ccu4.o
                0x080041ec                PWM_CCU4_Init
 .text.PWM_CCU4_lInit_Interrupt
                0x0800432c      0x134 ./Dave/Generated/PWM_CCU4/pwm_ccu4.o
 .text.PWM_CCU4_lConfigure_Events
                0x08004460      0x1c8 ./Dave/Generated/PWM_CCU4/pwm_ccu4.o
 .text.PWM_CCU4_Start
                0x08004628       0x58 ./Dave/Generated/PWM_CCU4/pwm_ccu4.o
                0x08004628                PWM_CCU4_Start
 .text.__NVIC_ClearPendingIRQ
                0x08004680       0x3c ./Dave/Generated/I2C_MASTER/i2c_master.o
 .text.XMC_USIC_CH_DisableEvent
                0x080046bc       0x24 ./Dave/Generated/I2C_MASTER/i2c_master.o
 .text.XMC_USIC_CH_GetTransmitBufferStatus
                0x080046e0       0x20 ./Dave/Generated/I2C_MASTER/i2c_master.o
 .text.XMC_USIC_CH_TXFIFO_EnableEvent
                0x08004700       0x24 ./Dave/Generated/I2C_MASTER/i2c_master.o
 .text.XMC_USIC_CH_TXFIFO_DisableEvent
                0x08004724       0x28 ./Dave/Generated/I2C_MASTER/i2c_master.o
 .text.XMC_USIC_CH_TXFIFO_IsFull
                0x0800474c       0x28 ./Dave/Generated/I2C_MASTER/i2c_master.o
 .text.XMC_USIC_CH_TXFIFO_IsEmpty
                0x08004774       0x28 ./Dave/Generated/I2C_MASTER/i2c_master.o
 .text.XMC_USIC_CH_RXFIFO_DisableEvent
                0x0800479c       0x28 ./Dave/Generated/I2C_MASTER/i2c_master.o
 .text.XMC_USIC_CH_RXFIFO_IsEmpty
                0x080047c4       0x28 ./Dave/Generated/I2C_MASTER/i2c_master.o
 .text.XMC_I2C_CH_GetStatusFlag
                0x080047ec       0x18 ./Dave/Generated/I2C_MASTER/i2c_master.o
 .text.XMC_I2C_CH_ClearStatusFlag
                0x08004804       0x20 ./Dave/Generated/I2C_MASTER/i2c_master.o
 .text.I2C_MASTER_SetRXFIFOTriggerLimit
                0x08004824       0x24 ./Dave/Generated/I2C_MASTER/i2c_master.o
 .text.I2C_MASTER_IsTXFIFOFull
                0x08004848       0x1c ./Dave/Generated/I2C_MASTER/i2c_master.o
 .text.I2C_MASTER_IsRXFIFOEmpty
                0x08004864       0x1c ./Dave/Generated/I2C_MASTER/i2c_master.o
 .text.I2C_MASTER_GetReceivedByte
                0x08004880       0x1c ./Dave/Generated/I2C_MASTER/i2c_master.o
 .text.I2C_MASTER_TransmitByte
                0x0800489c       0x20 ./Dave/Generated/I2C_MASTER/i2c_master.o
 .text.I2C_MASTER_DisableEvent
                0x080048bc       0x1c ./Dave/Generated/I2C_MASTER/i2c_master.o
 .text.I2C_MASTER_ReceiveACK
                0x080048d8       0x18 ./Dave/Generated/I2C_MASTER/i2c_master.o
 .text.I2C_MASTER_ReceiveNACK
                0x080048f0       0x18 ./Dave/Generated/I2C_MASTER/i2c_master.o
 .text.I2C_MASTER_SendStop
                0x08004908       0x24 ./Dave/Generated/I2C_MASTER/i2c_master.o
 .text.calculate_minfifosize
                0x0800492c       0x2c ./Dave/Generated/I2C_MASTER/i2c_master.o
 .text.I2C_MASTER_Init
                0x08004958       0x2c ./Dave/Generated/I2C_MASTER/i2c_master.o
                0x08004958                I2C_MASTER_Init
 .text.I2C_MASTER_GetFlagStatus
                0x08004984       0x24 ./Dave/Generated/I2C_MASTER/i2c_master.o
                0x08004984                I2C_MASTER_GetFlagStatus
 .text.I2C_MASTER_ClearFlag
                0x080049a8       0x1c ./Dave/Generated/I2C_MASTER/i2c_master.o
                0x080049a8                I2C_MASTER_ClearFlag
 .text.I2C_MASTER_TransmitHandler
                0x080049c4      0x258 ./Dave/Generated/I2C_MASTER/i2c_master.o
                0x080049c4                I2C_MASTER_TransmitHandler
 .text.I2C_MASTER_lSendStop_JumpTo_TxCallback
                0x08004c1c       0x60 ./Dave/Generated/I2C_MASTER/i2c_master.o
 .text.I2C_MASTER_ReceiveHandler
                0x08004c7c      0x248 ./Dave/Generated/I2C_MASTER/i2c_master.o
                0x08004c7c                I2C_MASTER_ReceiveHandler
 .text.I2C_MASTER_lSendStop_JumpTo_RxCallback
                0x08004ec4       0x70 ./Dave/Generated/I2C_MASTER/i2c_master.o
 .text.I2C_MASTER_ProtocolHandler
                0x08004f34       0x88 ./Dave/Generated/I2C_MASTER/i2c_master.o
                0x08004f34                I2C_MASTER_ProtocolHandler
 .text.I2C_MASTER_lReconfigureRxFIFO
                0x08004fbc       0x74 ./Dave/Generated/I2C_MASTER/i2c_master.o
 .text.__NVIC_GetPriorityGrouping
                0x08005030       0x1c ./Dave/Generated/I2C_MASTER/i2c_master_conf.o
 .text.__NVIC_EnableIRQ
                0x0800504c       0x38 ./Dave/Generated/I2C_MASTER/i2c_master_conf.o
 .text.__NVIC_SetPriority
                0x08005084       0x54 ./Dave/Generated/I2C_MASTER/i2c_master_conf.o
 .text.NVIC_EncodePriority
                0x080050d8       0x64 ./Dave/Generated/I2C_MASTER/i2c_master_conf.o
 .text.XMC_USIC_CH_SetInputSource
                0x0800513c       0x3c ./Dave/Generated/I2C_MASTER/i2c_master_conf.o
 .text.XMC_USIC_CH_TXFIFO_EnableEvent
                0x08005178       0x24 ./Dave/Generated/I2C_MASTER/i2c_master_conf.o
 .text.XMC_USIC_CH_RXFIFO_EnableEvent
                0x0800519c       0x24 ./Dave/Generated/I2C_MASTER/i2c_master_conf.o
 .text.XMC_USIC_CH_SetMode
                0x080051c0       0x28 ./Dave/Generated/I2C_MASTER/i2c_master_conf.o
 .text.XMC_I2C_CH_Start
                0x080051e8       0x18 ./Dave/Generated/I2C_MASTER/i2c_master_conf.o
 .text.I2C_MASTER_0_disable_io
                0x08005200       0x20 ./Dave/Generated/I2C_MASTER/i2c_master_conf.o
 .text.I2C_MASTER_0_enable_io
                0x08005220       0x24 ./Dave/Generated/I2C_MASTER/i2c_master_conf.o
 .text.I2C_MASTER_0_init
                0x08005244       0xf0 ./Dave/Generated/I2C_MASTER/i2c_master_conf.o
                0x08005244                I2C_MASTER_0_init
 .text.USIC0_3_IRQHandler
                0x08005334       0x10 ./Dave/Generated/I2C_MASTER/i2c_master_conf.o
                0x08005334                USIC0_3_IRQHandler
 .text.USIC0_5_IRQHandler
                0x08005344       0x10 ./Dave/Generated/I2C_MASTER/i2c_master_conf.o
                0x08005344                USIC0_5_IRQHandler
 .text.XMC_CCU8_StartPrescaler
                0x08005354       0x20 ./Dave/Generated/GLOBAL_CCU8/global_ccu8.o
 .text.GLOBAL_CCU8_Init
                0x08005374       0x40 ./Dave/Generated/GLOBAL_CCU8/global_ccu8.o
                0x08005374                GLOBAL_CCU8_Init
 .text.XMC_CCU4_StartPrescaler
                0x080053b4       0x20 ./Dave/Generated/GLOBAL_CCU4/global_ccu4.o
 .text.GLOBAL_CCU4_Init
                0x080053d4       0x40 ./Dave/Generated/GLOBAL_CCU4/global_ccu4.o
                0x080053d4                GLOBAL_CCU4_Init
 .text.XMC_VADC_GLOBAL_DisablePostCalibration
                0x08005414       0x2c ./Dave/Generated/GLOBAL_ADC/global_adc.o
 .text.GLOBAL_ADC_Init
                0x08005440       0xb0 ./Dave/Generated/GLOBAL_ADC/global_adc.o
                0x08005440                GLOBAL_ADC_Init
 .text.DIGITAL_IO_Init
                0x080054f0       0x40 ./Dave/Generated/DIGITAL_IO/digital_io.o
                0x080054f0                DIGITAL_IO_Init
 .text.__NVIC_SetPriorityGrouping
                0x08005530       0x48 ./Dave/Generated/CPU_CTRL_XMC4/cpu_ctrl_xmc4_conf.o
 .text.SystemCoreSetup
                0x08005578       0xa0 ./Dave/Generated/CPU_CTRL_XMC4/cpu_ctrl_xmc4_conf.o
                0x08005578                SystemCoreSetup
 .text.CLOCK_XMC4_Init
                0x08005618       0x20 ./Dave/Generated/CLOCK_XMC4/clock_xmc4.o
                0x08005618                CLOCK_XMC4_Init
 .text.OSCHP_GetFrequency
                0x08005638       0x14 ./Dave/Generated/CLOCK_XMC4/clock_xmc4.o
                0x08005638                OSCHP_GetFrequency
 .text.SystemCoreClockSetup
                0x0800564c       0x4c ./Dave/Generated/CLOCK_XMC4/clock_xmc4_conf.o
                0x0800564c                SystemCoreClockSetup
 .text.CCU8_SLICE_CONFIG_Init
                0x08005698       0x18 ./Dave/Generated/CCU8_SLICE_CONFIG/ccu8_slice_config.o
                0x08005698                CCU8_SLICE_CONFIG_Init
 .text.XMC_CCU8_EnableClock
                0x080056b0       0x28 ./Dave/Generated/CCU8_SLICE_CONFIG/ccu8_slice_config_conf.o
 .text.XMC_CCU8_SLICE_SetTimerCompareMatchChannel1
                0x080056d8       0x1c ./Dave/Generated/CCU8_SLICE_CONFIG/ccu8_slice_config_conf.o
 .text.XMC_CCU8_SLICE_SetTimerCompareMatchChannel2
                0x080056f4       0x1c ./Dave/Generated/CCU8_SLICE_CONFIG/ccu8_slice_config_conf.o
 .text.XMC_CCU8_EnableShadowTransfer
                0x08005710       0x1c ./Dave/Generated/CCU8_SLICE_CONFIG/ccu8_slice_config_conf.o
 .text.XMC_CCU8_SLICE_SetTimerValue
                0x0800572c       0x1c ./Dave/Generated/CCU8_SLICE_CONFIG/ccu8_slice_config_conf.o
 .text.XMC_CCU8_SLICE_DisableCascadedShadowTransfer
                0x08005748       0x24 ./Dave/Generated/CCU8_SLICE_CONFIG/ccu8_slice_config_conf.o
 .text.CCU8_SLICE_CONFIG_0_lInit
                0x0800576c       0xa4 ./Dave/Generated/CCU8_SLICE_CONFIG/ccu8_slice_config_conf.o
 .text.CCU4_SLICE_CONFIG_Init
                0x08005810       0x18 ./Dave/Generated/CCU4_SLICE_CONFIG/ccu4_slice_config.o
                0x08005810                CCU4_SLICE_CONFIG_Init
 .text.XMC_CCU4_EnableClock
                0x08005828       0x28 ./Dave/Generated/CCU4_SLICE_CONFIG/ccu4_slice_config_conf.o
 .text.XMC_CCU4_SLICE_SetTimerPeriodMatch
                0x08005850       0x1c ./Dave/Generated/CCU4_SLICE_CONFIG/ccu4_slice_config_conf.o
 .text.XMC_CCU4_SLICE_SetTimerCompareMatch
                0x0800586c       0x1c ./Dave/Generated/CCU4_SLICE_CONFIG/ccu4_slice_config_conf.o
 .text.XMC_CCU4_EnableShadowTransfer
                0x08005888       0x1c ./Dave/Generated/CCU4_SLICE_CONFIG/ccu4_slice_config_conf.o
 .text.XMC_CCU4_SLICE_SetTimerValue
                0x080058a4       0x1c ./Dave/Generated/CCU4_SLICE_CONFIG/ccu4_slice_config_conf.o
 .text.CCU4_SLICE_CONFIG_0_lInit
                0x080058c0       0x8c ./Dave/Generated/CCU4_SLICE_CONFIG/ccu4_slice_config_conf.o
 .text.AUTOMATION_WriteBit
                0x0800594c       0x44 ./Dave/Generated/AUTOMATION/automation.o
 .text.AUTOMATION_Init
                0x08005990       0x88 ./Dave/Generated/AUTOMATION/automation.o
                0x08005990                AUTOMATION_Init
 .text.AUTOMATION_RegisterApp
                0x08005a18       0x64 ./Dave/Generated/AUTOMATION/automation.o
                0x08005a18                AUTOMATION_RegisterApp
 .text.AUTOMATION_RegisterTask
                0x08005a7c       0xc8 ./Dave/Generated/AUTOMATION/automation.o
                0x08005a7c                AUTOMATION_RegisterTask
 .text.AUTOMATION_DeregisterTask
                0x08005b44      0x128 ./Dave/Generated/AUTOMATION/automation.o
                0x08005b44                AUTOMATION_DeregisterTask
 .text.AUTOMATION_PH_RegisterParamTable
                0x08005c6c       0x38 ./Dave/Generated/AUTOMATION/automation.o
                0x08005c6c                AUTOMATION_PH_RegisterParamTable
 .text.AUTOMATION_AppInterface_ReadReportedErrors
                0x08005ca4       0x84 ./Dave/Generated/AUTOMATION/automation.o
 .text.AUTOMATION_EH_ProcessError
                0x08005d28       0x44 ./Dave/Generated/AUTOMATION/automation.o
 .text.AUTOMATION_EH_ErrorSequencer
                0x08005d6c      0x188 ./Dave/Generated/AUTOMATION/automation.o
                0x08005d6c                AUTOMATION_EH_ErrorSequencer
 .text.AUTOMATION_EH_AppInterface_ReportError
                0x08005ef4       0xd0 ./Dave/Generated/AUTOMATION/automation.o
                0x08005ef4                AUTOMATION_EH_AppInterface_ReportError
 .text.AUTOMATION_EH_WriteLogbook
                0x08005fc4       0xdc ./Dave/Generated/AUTOMATION/automation.o
                0x08005fc4                AUTOMATION_EH_WriteLogbook
 .text.AUTOMATION_FB_RegisterFunctionBlock
                0x080060a0       0x48 ./Dave/Generated/AUTOMATION/automation.o
                0x080060a0                AUTOMATION_FB_RegisterFunctionBlock
 .text.AUTOMATION_FB_AddConnectionEntry
                0x080060e8       0xc0 ./Dave/Generated/AUTOMATION/automation.o
                0x080060e8                AUTOMATION_FB_AddConnectionEntry
 .text.AUTOMATION_FB_Connect
                0x080061a8       0xa0 ./Dave/Generated/AUTOMATION/automation.o
                0x080061a8                AUTOMATION_FB_Connect
 .text.AUTOMATION_FB_RampInit
                0x08006248       0x20 ./Dave/Generated/AUTOMATION/automation.o
                0x08006248                AUTOMATION_FB_RampInit
 .text.AUTOMATION_FB_LinearRamp
                0x08006268       0x74 ./Dave/Generated/AUTOMATION/automation.o
                0x08006268                AUTOMATION_FB_LinearRamp
 .text.AUTOMATION_SM_RegisterStateMachine
                0x080062dc       0x38 ./Dave/Generated/AUTOMATION/automation.o
                0x080062dc                AUTOMATION_SM_RegisterStateMachine
 .text.AUTOMATION_SM_RequestState
                0x08006314       0x28 ./Dave/Generated/AUTOMATION/automation.o
                0x08006314                AUTOMATION_SM_RequestState
 .text.AUTOMATION_SM_Handler
                0x0800633c       0xf4 ./Dave/Generated/AUTOMATION/automation.o
                0x0800633c                AUTOMATION_SM_Handler
 .text.ANALOG_IO_Init
                0x08006430       0x34 ./Dave/Generated/ANALOG_IO/analog_io.o
                0x08006430                ANALOG_IO_Init
 .text.__NVIC_GetPriorityGrouping
                0x08006464       0x1c ./Dave/Generated/ADC_MEASUREMENT/adc_measurement.o
 .text.__NVIC_EnableIRQ
                0x08006480       0x38 ./Dave/Generated/ADC_MEASUREMENT/adc_measurement.o
 .text.__NVIC_SetPriority
                0x080064b8       0x54 ./Dave/Generated/ADC_MEASUREMENT/adc_measurement.o
 .text.NVIC_EncodePriority
                0x0800650c       0x64 ./Dave/Generated/ADC_MEASUREMENT/adc_measurement.o
 .text.XMC_VADC_GLOBAL_BackgroundTriggerConversion
                0x08006570       0x24 ./Dave/Generated/ADC_MEASUREMENT/adc_measurement.o
 .text.XMC_VADC_GLOBAL_BackgroundAddChannelToSequence
                0x08006594       0x38 ./Dave/Generated/ADC_MEASUREMENT/adc_measurement.o
 .text.XMC_VADC_GROUP_ResultInit
                0x080065cc       0x24 ./Dave/Generated/ADC_MEASUREMENT/adc_measurement.o
 .text.XMC_VADC_GROUP_GetResult
                0x080065f0       0x24 ./Dave/Generated/ADC_MEASUREMENT/adc_measurement.o
 .text.ADC_MEASUREMENT_Init
                0x08006614      0x16c ./Dave/Generated/ADC_MEASUREMENT/adc_measurement.o
                0x08006614                ADC_MEASUREMENT_Init
 .text.ADC_MEASUREMENT_GetResult
                0x08006780       0x30 ./Dave/Generated/ADC_MEASUREMENT/adc_measurement.o
                0x08006780                ADC_MEASUREMENT_GetResult
 .text.__NVIC_GetPriorityGrouping
                0x080067b0       0x1c ./Dave/Generated/ACIM_FREQ_CTRL/acim_freq_ctrl.o
 .text.__NVIC_EnableIRQ
                0x080067cc       0x38 ./Dave/Generated/ACIM_FREQ_CTRL/acim_freq_ctrl.o
 .text.__NVIC_SetPriority
                0x08006804       0x54 ./Dave/Generated/ACIM_FREQ_CTRL/acim_freq_ctrl.o
 .text.NVIC_EncodePriority
                0x08006858       0x64 ./Dave/Generated/ACIM_FREQ_CTRL/acim_freq_ctrl.o
 .text.XMC_CCU8_EnableShadowTransfer
                0x080068bc       0x1c ./Dave/Generated/ACIM_FREQ_CTRL/acim_freq_ctrl.o
 .text.XMC_SCU_SetCcuTriggerHigh
                0x080068d8       0x24 ./Dave/Generated/ACIM_FREQ_CTRL/acim_freq_ctrl.o
 .text.XMC_SCU_SetCcuTriggerLow
                0x080068fc       0x24 ./Dave/Generated/ACIM_FREQ_CTRL/acim_freq_ctrl.o
 .text.ACIM_FREQ_CTRL_lInitializeVarAfterInit
                0x08006920       0x58 ./Dave/Generated/ACIM_FREQ_CTRL/acim_freq_ctrl.o
                0x08006920                ACIM_FREQ_CTRL_lInitializeVarAfterInit
 .text.ACIM_FREQ_CTRL_lISRInit
                0x08006978       0x2c ./Dave/Generated/ACIM_FREQ_CTRL/acim_freq_ctrl.o
                0x08006978                ACIM_FREQ_CTRL_lISRInit
 .text.ACIM_FREQ_CTRL_ISRInit
                0x080069a4       0x48 ./Dave/Generated/ACIM_FREQ_CTRL/acim_freq_ctrl.o
 .text.ACIM_FREQ_CTRL_MotorParamInit
                0x080069ec       0x94 ./Dave/Generated/ACIM_FREQ_CTRL/acim_freq_ctrl.o
 .text.ACIM_FREQ_CTRL_Automation_Init
                0x08006a80      0x14c ./Dave/Generated/ACIM_FREQ_CTRL/acim_freq_ctrl.o
 .text.ACIM_FREQ_CTRL_Init
                0x08006bcc       0x78 ./Dave/Generated/ACIM_FREQ_CTRL/acim_freq_ctrl.o
                0x08006bcc                ACIM_FREQ_CTRL_Init
 .text.ACIM_FREQ_CTRL_UpdateError
                0x08006c44       0x54 ./Dave/Generated/ACIM_FREQ_CTRL/acim_freq_ctrl.o
                0x08006c44                ACIM_FREQ_CTRL_UpdateError
 .text.ACIM_FREQ_CTRL_lTaskSchedulerRegisteration
                0x08006c98       0x50 ./Dave/Generated/ACIM_FREQ_CTRL/acim_freq_ctrl.o
                0x08006c98                ACIM_FREQ_CTRL_lTaskSchedulerRegisteration
 .text.ACIM_FREQ_CTRL_MotorStart
                0x08006ce8       0xb0 ./Dave/Generated/ACIM_FREQ_CTRL/acim_freq_ctrl.o
                0x08006ce8                ACIM_FREQ_CTRL_MotorStart
 .text.ACIM_FREQ_CTRL_MotorStop
                0x08006d98       0xc8 ./Dave/Generated/ACIM_FREQ_CTRL/acim_freq_ctrl.o
                0x08006d98                ACIM_FREQ_CTRL_MotorStop
 .text.ACIM_FREQ_CTRL_SetParameter
                0x08006e60       0x98 ./Dave/Generated/ACIM_FREQ_CTRL/acim_freq_ctrl.o
                0x08006e60                ACIM_FREQ_CTRL_SetParameter
 .text.ACIM_FREQ_CTRL_SetSpeed
                0x08006ef8       0x3c ./Dave/Generated/ACIM_FREQ_CTRL/acim_freq_ctrl.o
                0x08006ef8                ACIM_FREQ_CTRL_SetSpeed
 .text.ACIM_FREQ_CTRL_SetMotorDirection
                0x08006f34       0x94 ./Dave/Generated/ACIM_FREQ_CTRL/acim_freq_ctrl.o
                0x08006f34                ACIM_FREQ_CTRL_SetMotorDirection
 .text.ACIM_FREQ_CTRL_SetControlWordState
                0x08006fc8       0x58 ./Dave/Generated/ACIM_FREQ_CTRL/acim_freq_ctrl.o
                0x08006fc8                ACIM_FREQ_CTRL_SetControlWordState
 .text.ACIM_FREQ_CTRL_lTaskSchedulerTimeUpdate
                0x08007020       0xa0 ./Dave/Generated/ACIM_FREQ_CTRL/acim_freq_ctrl.o
                0x08007020                ACIM_FREQ_CTRL_lTaskSchedulerTimeUpdate
 .text.ACIM_FREQ_CTRL_SetPWMFrequency
                0x080070c0       0xd8 ./Dave/Generated/ACIM_FREQ_CTRL/acim_freq_ctrl.o
                0x080070c0                ACIM_FREQ_CTRL_SetPWMFrequency
 .text.ACIM_FREQ_CTRL_SetAngleoffset
                0x08007198       0x60 ./Dave/Generated/ACIM_FREQ_CTRL/acim_freq_ctrl.o
                0x08007198                ACIM_FREQ_CTRL_SetAngleoffset
 .text.ACIM_FREQ_CTRL_Amplitude_Calculation
                0x080071f8       0x58 ./Dave/Generated/ACIM_FREQ_CTRL/acim_freq_ctrl.o
                0x080071f8                ACIM_FREQ_CTRL_Amplitude_Calculation
 .text.ACIM_FREQ_CTRL_AngleRamp
                0x08007250       0x3c ./Dave/Generated/ACIM_FREQ_CTRL/acim_freq_ctrl.o
                0x08007250                ACIM_FREQ_CTRL_AngleRamp
 .text.ACIM_FREQ_CTRL_BootStrapConfiguration
                0x0800728c       0x78 ./Dave/Generated/ACIM_FREQ_CTRL/acim_freq_ctrl.o
                0x0800728c                ACIM_FREQ_CTRL_BootStrapConfiguration
 .text.ACIM_FREQ_CTRL_StartPWMTimer
                0x08007304       0x84 ./Dave/Generated/ACIM_FREQ_CTRL/acim_freq_ctrl.o
                0x08007304                ACIM_FREQ_CTRL_StartPWMTimer
 .text.ACIM_FREQ_CTRL_StopPWMTimer
                0x08007388       0x1c ./Dave/Generated/ACIM_FREQ_CTRL/acim_freq_ctrl.o
                0x08007388                ACIM_FREQ_CTRL_StopPWMTimer
 .text.ACIM_FREQ_CTRL_MSM
                0x080073a4      0x10c ./Dave/Generated/ACIM_FREQ_CTRL/acim_freq_ctrl.o
                0x080073a4                ACIM_FREQ_CTRL_MSM
 .text.ACIM_FREQ_CTRL_ReportError
                0x080074b0       0x60 ./Dave/Generated/ACIM_FREQ_CTRL/acim_freq_ctrl.o
                0x080074b0                ACIM_FREQ_CTRL_ReportError
 .text.ACIM_FREQ_CTRL_BootStrap
                0x08007510      0x148 ./Dave/Generated/ACIM_FREQ_CTRL/acim_freq_ctrl.o
                0x08007510                ACIM_FREQ_CTRL_BootStrap
 .text.ACIM_FREQ_CTRL_ClearErrorState
                0x08007658       0x7c ./Dave/Generated/ACIM_FREQ_CTRL/acim_freq_ctrl.o
                0x08007658                ACIM_FREQ_CTRL_ClearErrorState
 .text.ACIM_FREQ_CTRL_DSM_SwitchedOff_Entry
                0x080076d4       0x14 ./Dave/Generated/ACIM_FREQ_CTRL/acim_freq_ctrl.o
                0x080076d4                ACIM_FREQ_CTRL_DSM_SwitchedOff_Entry
 .text.ACIM_FREQ_CTRL_DSM_SwitchedOff_Action
                0x080076e8       0x38 ./Dave/Generated/ACIM_FREQ_CTRL/acim_freq_ctrl.o
                0x080076e8                ACIM_FREQ_CTRL_DSM_SwitchedOff_Action
 .text.ACIM_FREQ_CTRL_DSM_SwitchedOff_Exit
                0x08007720       0x38 ./Dave/Generated/ACIM_FREQ_CTRL/acim_freq_ctrl.o
                0x08007720                ACIM_FREQ_CTRL_DSM_SwitchedOff_Exit
 .text.ACIM_FREQ_CTRL_DSM_Safe_Torque_Off_Entry
                0x08007758       0x14 ./Dave/Generated/ACIM_FREQ_CTRL/acim_freq_ctrl.o
                0x08007758                ACIM_FREQ_CTRL_DSM_Safe_Torque_Off_Entry
 .text.ACIM_FREQ_CTRL_DSM_Safe_Torque_Off_Action
                0x0800776c       0x28 ./Dave/Generated/ACIM_FREQ_CTRL/acim_freq_ctrl.o
                0x0800776c                ACIM_FREQ_CTRL_DSM_Safe_Torque_Off_Action
 .text.ACIM_FREQ_CTRL_DSM_Safe_Torque_Off_Exit
                0x08007794       0x38 ./Dave/Generated/ACIM_FREQ_CTRL/acim_freq_ctrl.o
                0x08007794                ACIM_FREQ_CTRL_DSM_Safe_Torque_Off_Exit
 .text.ACIM_FREQ_CTRL_DSM_Enabled_Action
                0x080077cc       0x34 ./Dave/Generated/ACIM_FREQ_CTRL/acim_freq_ctrl.o
                0x080077cc                ACIM_FREQ_CTRL_DSM_Enabled_Action
 .text.ACIM_FREQ_CTRL_DSM_Enabled_Exit
                0x08007800       0x2c ./Dave/Generated/ACIM_FREQ_CTRL/acim_freq_ctrl.o
                0x08007800                ACIM_FREQ_CTRL_DSM_Enabled_Exit
 .text.ACIM_FREQ_CTRL_DSM_Switched_On_Action
                0x0800782c       0x34 ./Dave/Generated/ACIM_FREQ_CTRL/acim_freq_ctrl.o
                0x0800782c                ACIM_FREQ_CTRL_DSM_Switched_On_Action
 .text.ACIM_FREQ_CTRL_DSM_Operation_Entry
                0x08007860       0x14 ./Dave/Generated/ACIM_FREQ_CTRL/acim_freq_ctrl.o
                0x08007860                ACIM_FREQ_CTRL_DSM_Operation_Entry
 .text.ACIM_FREQ_CTRL_DSM_Operation_Action
                0x08007874       0x70 ./Dave/Generated/ACIM_FREQ_CTRL/acim_freq_ctrl.o
                0x08007874                ACIM_FREQ_CTRL_DSM_Operation_Action
 .text.ACIM_FREQ_CTRL_DSM_Operation_Exit
                0x080078e4       0x38 ./Dave/Generated/ACIM_FREQ_CTRL/acim_freq_ctrl.o
                0x080078e4                ACIM_FREQ_CTRL_DSM_Operation_Exit
 .text.ACIM_FREQ_CTRL_DSM_Coast_Stop_Entry
                0x0800791c       0x14 ./Dave/Generated/ACIM_FREQ_CTRL/acim_freq_ctrl.o
                0x0800791c                ACIM_FREQ_CTRL_DSM_Coast_Stop_Entry
 .text.ACIM_FREQ_CTRL_DSM_Coast_Stop_Action
                0x08007930       0x28 ./Dave/Generated/ACIM_FREQ_CTRL/acim_freq_ctrl.o
                0x08007930                ACIM_FREQ_CTRL_DSM_Coast_Stop_Action
 .text.ACIM_FREQ_CTRL_DSM_Coast_Stop_Exit
                0x08007958       0x40 ./Dave/Generated/ACIM_FREQ_CTRL/acim_freq_ctrl.o
                0x08007958                ACIM_FREQ_CTRL_DSM_Coast_Stop_Exit
 .text.ACIM_FREQ_CTRL_DSM_Quick_Stop_Entry
                0x08007998       0x14 ./Dave/Generated/ACIM_FREQ_CTRL/acim_freq_ctrl.o
                0x08007998                ACIM_FREQ_CTRL_DSM_Quick_Stop_Entry
 .text.ACIM_FREQ_CTRL_DSM_Quick_Stop_Action
                0x080079ac       0x28 ./Dave/Generated/ACIM_FREQ_CTRL/acim_freq_ctrl.o
                0x080079ac                ACIM_FREQ_CTRL_DSM_Quick_Stop_Action
 .text.ACIM_FREQ_CTRL_DSM_Quick_Stop_Exit
                0x080079d4       0x40 ./Dave/Generated/ACIM_FREQ_CTRL/acim_freq_ctrl.o
                0x080079d4                ACIM_FREQ_CTRL_DSM_Quick_Stop_Exit
 .text.ACIM_FREQ_CTRL_DSM_Rampdown_Entry
                0x08007a14       0x30 ./Dave/Generated/ACIM_FREQ_CTRL/acim_freq_ctrl.o
                0x08007a14                ACIM_FREQ_CTRL_DSM_Rampdown_Entry
 .text.ACIM_FREQ_CTRL_DSM_Rampdown_Action
                0x08007a44       0x28 ./Dave/Generated/ACIM_FREQ_CTRL/acim_freq_ctrl.o
                0x08007a44                ACIM_FREQ_CTRL_DSM_Rampdown_Action
 .text.ACIM_FREQ_CTRL_DSM_Error_Entry
                0x08007a6c       0x14 ./Dave/Generated/ACIM_FREQ_CTRL/acim_freq_ctrl.o
                0x08007a6c                ACIM_FREQ_CTRL_DSM_Error_Entry
 .text.ACIM_FREQ_CTRL_DSM_Error_Action
                0x08007a80       0x30 ./Dave/Generated/ACIM_FREQ_CTRL/acim_freq_ctrl.o
                0x08007a80                ACIM_FREQ_CTRL_DSM_Error_Action
 .text.ACIM_FREQ_CTRL_DSM_Error_Exit
                0x08007ab0       0x58 ./Dave/Generated/ACIM_FREQ_CTRL/acim_freq_ctrl.o
                0x08007ab0                ACIM_FREQ_CTRL_DSM_Error_Exit
 .text.ACIM_FREQ_CTRL_DSM_Trouble_Action
                0x08007b08       0x70 ./Dave/Generated/ACIM_FREQ_CTRL/acim_freq_ctrl.o
                0x08007b08                ACIM_FREQ_CTRL_DSM_Trouble_Action
 .text.CCU80_3_IRQHandler
                0x08007b78       0xe0 ./Dave/Generated/ACIM_FREQ_CTRL/acim_freq_ctrl_control.o
                0x08007b78                CCU80_3_IRQHandler
 .text.ACIM_FREQ_CTRL_0_PrimaryControlLoop
                0x08007c58       0x14 ./Dave/Generated/ACIM_FREQ_CTRL/acim_freq_ctrl_control.o
                0x08007c58                ACIM_FREQ_CTRL_0_PrimaryControlLoop
 .text.ACIM_FREQ_CTRL_0_SetValueProcessing
                0x08007c6c       0x14 ./Dave/Generated/ACIM_FREQ_CTRL/acim_freq_ctrl_control.o
                0x08007c6c                ACIM_FREQ_CTRL_0_SetValueProcessing
 .text.CCU81_0_IRQHandler
                0x08007c80       0xe0 ./Dave/Generated/ACIM_FREQ_CTRL/acim_freq_ctrl_control.o
                0x08007c80                CCU81_0_IRQHandler
 .text.ACIM_FREQ_CTRL_1_PrimaryControlLoop
                0x08007d60       0x14 ./Dave/Generated/ACIM_FREQ_CTRL/acim_freq_ctrl_control.o
                0x08007d60                ACIM_FREQ_CTRL_1_PrimaryControlLoop
 .text.ACIM_FREQ_CTRL_1_SetValueProcessing
                0x08007d74       0x14 ./Dave/Generated/ACIM_FREQ_CTRL/acim_freq_ctrl_control.o
                0x08007d74                ACIM_FREQ_CTRL_1_SetValueProcessing
 .text.DAVE_Init
                0x08007d88      0x358 ./Dave/Generated/DAVE.o
                0x08007d88                DAVE_Init
 .text.__NVIC_EnableIRQ
                0x080080e0       0x38 ./main.o
 .text.__NVIC_SetPriority
                0x08008118       0x54 ./main.o
 .text.XMC_GPIO_SetOutputHigh
                0x0800816c       0x20 ./main.o
 .text.XMC_GPIO_SetOutputLow
                0x0800818c       0x24 ./main.o
 .text.XMC_GPIO_ToggleOutput
                0x080081b0       0x24 ./main.o
 .text.XMC_GPIO_GetInput
                0x080081d4       0x28 ./main.o
 .text.DIGITAL_IO_SetOutputHigh
                0x080081fc       0x20 ./main.o
 .text.DIGITAL_IO_SetOutputLow
                0x0800821c       0x20 ./main.o
 .text.DIGITAL_IO_ToggleOutput
                0x0800823c       0x20 ./main.o
 .text.DIGITAL_IO_GetInput
                0x0800825c       0x24 ./main.o
 .text.XMC_CCU4_SLICE_SetTimerCompareMatch
                0x08008280       0x1c ./main.o
 .text.XMC_CCU4_EnableShadowTransfer
                0x0800829c       0x1c ./main.o
 .text.XMC_CCU4_SLICE_EnableEvent
                0x080082b8       0x2c ./main.o
 .text.XMC_CCU4_SLICE_ClearEvent
                0x080082e4       0x2c ./main.o
 .text.CCU42_0_IRQHandler
                0x08008310       0xd4 ./main.o
                0x08008310                CCU42_0_IRQHandler
 *fill*         0x080083e4        0x4 
 .text.VADC0_C0_2_IRQHandler
                0x080083e8      0x148 ./main.o
                0x080083e8                VADC0_C0_2_IRQHandler
 .text.EndofTransmit
                0x08008530       0x24 ./main.o
                0x08008530                EndofTransmit
 .text.EndofReceive
                0x08008554       0x3c ./main.o
                0x08008554                EndofReceive
 .text.main     0x08008590       0xf4 ./main.o
                0x08008590                main
 .text.log      0x08008684      0x100 c:/users/pescatore/switchdrive/private/konzept/mcu for gate driver/dave_4-4-2_64bit_2018-02-23/dave-ide-4.4.2-64bit/eclipse/arm-gcc-49/bin/../lib/gcc/arm-none-eabi/4.9.3/../../../../arm-none-eabi/lib/armv7e-m/softfp\libm.a(lib_a-w_log.o)
                0x08008684                log
 *fill*         0x08008784        0x4 
 .text.__ieee754_log
                0x08008788      0x3d0 c:/users/pescatore/switchdrive/private/konzept/mcu for gate driver/dave_4-4-2_64bit_2018-02-23/dave-ide-4.4.2-64bit/eclipse/arm-gcc-49/bin/../lib/gcc/arm-none-eabi/4.9.3/../../../../arm-none-eabi/lib/armv7e-m/softfp\libm.a(lib_a-e_log.o)
                0x08008788                __ieee754_log
 .text.__fpclassifyd
                0x08008b58       0x58 c:/users/pescatore/switchdrive/private/konzept/mcu for gate driver/dave_4-4-2_64bit_2018-02-23/dave-ide-4.4.2-64bit/eclipse/arm-gcc-49/bin/../lib/gcc/arm-none-eabi/4.9.3/../../../../arm-none-eabi/lib/armv7e-m/softfp\libm.a(lib_a-s_fpclassify.o)
                0x08008b58                __fpclassifyd
 .text.matherr  0x08008bb0        0x4 c:/users/pescatore/switchdrive/private/konzept/mcu for gate driver/dave_4-4-2_64bit_2018-02-23/dave-ide-4.4.2-64bit/eclipse/arm-gcc-49/bin/../lib/gcc/arm-none-eabi/4.9.3/../../../../arm-none-eabi/lib/armv7e-m/softfp\libm.a(lib_a-s_matherr.o)
                0x08008bb0                matherr
 .text.nan      0x08008bb4        0xc c:/users/pescatore/switchdrive/private/konzept/mcu for gate driver/dave_4-4-2_64bit_2018-02-23/dave-ide-4.4.2-64bit/eclipse/arm-gcc-49/bin/../lib/gcc/arm-none-eabi/4.9.3/../../../../arm-none-eabi/lib/armv7e-m/softfp\libm.a(lib_a-s_nan.o)
                0x08008bb4                nan
 .text          0x08008bc0      0x370 c:/users/pescatore/switchdrive/private/konzept/mcu for gate driver/dave_4-4-2_64bit_2018-02-23/dave-ide-4.4.2-64bit/eclipse/arm-gcc-49/bin/../lib/gcc/arm-none-eabi/4.9.3/armv7e-m/softfp\libgcc.a(_arm_addsubdf3.o)
                0x08008bc0                __aeabi_drsub
                0x08008bc8                __aeabi_dsub
                0x08008bc8                __subdf3
                0x08008bcc                __aeabi_dadd
                0x08008bcc                __adddf3
                0x08008e44                __floatunsidf
                0x08008e44                __aeabi_ui2d
                0x08008e64                __floatsidf
                0x08008e64                __aeabi_i2d
                0x08008e88                __aeabi_f2d
                0x08008e88                __extendsfdf2
                0x08008ec4                __floatundidf
                0x08008ec4                __aeabi_ul2d
                0x08008ed4                __floatdidf
                0x08008ed4                __aeabi_l2d
 .text          0x08008f30      0x424 c:/users/pescatore/switchdrive/private/konzept/mcu for gate driver/dave_4-4-2_64bit_2018-02-23/dave-ide-4.4.2-64bit/eclipse/arm-gcc-49/bin/../lib/gcc/arm-none-eabi/4.9.3/armv7e-m/softfp\libgcc.a(_arm_muldivdf3.o)
                0x08008f30                __aeabi_dmul
                0x08008f30                __muldf3
                0x08009184                __divdf3
                0x08009184                __aeabi_ddiv
 .text          0x08009354      0x110 c:/users/pescatore/switchdrive/private/konzept/mcu for gate driver/dave_4-4-2_64bit_2018-02-23/dave-ide-4.4.2-64bit/eclipse/arm-gcc-49/bin/../lib/gcc/arm-none-eabi/4.9.3/armv7e-m/softfp\libgcc.a(_arm_cmpdf2.o)
                0x08009354                __gtdf2
                0x08009354                __gedf2
                0x0800935c                __ltdf2
                0x0800935c                __ledf2
                0x08009364                __nedf2
                0x08009364                __eqdf2
                0x08009364                __cmpdf2
                0x080093e0                __aeabi_cdrcmple
                0x080093f0                __aeabi_cdcmpeq
                0x080093f0                __aeabi_cdcmple
                0x08009400                __aeabi_dcmpeq
                0x08009414                __aeabi_dcmplt
                0x08009428                __aeabi_dcmple
                0x0800943c                __aeabi_dcmpge
                0x08009450                __aeabi_dcmpgt
 .text          0x08009464       0xa0 c:/users/pescatore/switchdrive/private/konzept/mcu for gate driver/dave_4-4-2_64bit_2018-02-23/dave-ide-4.4.2-64bit/eclipse/arm-gcc-49/bin/../lib/gcc/arm-none-eabi/4.9.3/armv7e-m/softfp\libgcc.a(_arm_truncdfsf2.o)
                0x08009464                __truncdfsf2
                0x08009464                __aeabi_d2f
 .text          0x08009504       0x38 c:/users/pescatore/switchdrive/private/konzept/mcu for gate driver/dave_4-4-2_64bit_2018-02-23/dave-ide-4.4.2-64bit/eclipse/arm-gcc-49/bin/../lib/gcc/arm-none-eabi/4.9.3/armv7e-m/softfp\libgcc.a(_aeabi_ldivmod.o)
                0x08009504                __aeabi_ldivmod
 .text          0x0800953c       0x60 c:/users/pescatore/switchdrive/private/konzept/mcu for gate driver/dave_4-4-2_64bit_2018-02-23/dave-ide-4.4.2-64bit/eclipse/arm-gcc-49/bin/../lib/gcc/arm-none-eabi/4.9.3/armv7e-m/softfp\libgcc.a(bpabi.o)
                0x0800953c                __gnu_ldivmod_helper
                0x0800956c                __gnu_uldivmod_helper
 .text          0x0800959c        0x4 c:/users/pescatore/switchdrive/private/konzept/mcu for gate driver/dave_4-4-2_64bit_2018-02-23/dave-ide-4.4.2-64bit/eclipse/arm-gcc-49/bin/../lib/gcc/arm-none-eabi/4.9.3/armv7e-m/softfp\libgcc.a(_dvmd_tls.o)
                0x0800959c                __aeabi_idiv0
                0x0800959c                __aeabi_ldiv0
 .text          0x080095a0      0x29c c:/users/pescatore/switchdrive/private/konzept/mcu for gate driver/dave_4-4-2_64bit_2018-02-23/dave-ide-4.4.2-64bit/eclipse/arm-gcc-49/bin/../lib/gcc/arm-none-eabi/4.9.3/armv7e-m/softfp\libgcc.a(_divdi3.o)
                0x080095a0                __divdi3
 .text          0x0800983c      0x26c c:/users/pescatore/switchdrive/private/konzept/mcu for gate driver/dave_4-4-2_64bit_2018-02-23/dave-ide-4.4.2-64bit/eclipse/arm-gcc-49/bin/../lib/gcc/arm-none-eabi/4.9.3/armv7e-m/softfp\libgcc.a(_udivdi3.o)
                0x0800983c                __udivdi3
 .text.__errno  0x08009aa8        0xc c:/users/pescatore/switchdrive/private/konzept/mcu for gate driver/dave_4-4-2_64bit_2018-02-23/dave-ide-4.4.2-64bit/eclipse/arm-gcc-49/bin/../lib/gcc/arm-none-eabi/4.9.3/../../../../arm-none-eabi/lib/armv7e-m/softfp\libg_nano.a(lib_a-errno.o)
                0x08009aa8                __errno
 .text.__libc_init_array
                0x08009ab4       0x4c c:/users/pescatore/switchdrive/private/konzept/mcu for gate driver/dave_4-4-2_64bit_2018-02-23/dave-ide-4.4.2-64bit/eclipse/arm-gcc-49/bin/../lib/gcc/arm-none-eabi/4.9.3/../../../../arm-none-eabi/lib/armv7e-m/softfp\libg_nano.a(lib_a-init.o)
                0x08009ab4                __libc_init_array
 .text.__libc_init_array.__stub
                0x08009b00       0x10 linker stubs
 *(.init)
 *(.fini)
 *crtbegin.o(.ctors)
 *crtbegin?.o(.ctors)
 *(EXCLUDE_FILE(*crtend.o *crtend?.o) .ctors)
 *(SORT(.ctors.*))
 *(.ctors)
 *crtbegin.o(.dtors)
 *crtbegin?.o(.dtors)
 *(EXCLUDE_FILE(*crtend.o *crtend?.o) .dtors)
 *(SORT(.dtors.*))
 *(.dtors)
 *(.rodata .rodata.*)
 .rodata.g_xmc_vadc_group_array
                0x08009b10       0x10 ./Libraries/XMCLib/src/xmc_vadc.o
 .rodata.UART_CONFIG_0_channel_config
                0x08009b20        0xc ./Dave/Generated/UART_CONFIG/uart_config_conf.o
                0x08009b20                UART_CONFIG_0_channel_config
 .rodata.UART_CONFIG_0_config
                0x08009b2c       0x14 ./Dave/Generated/UART_CONFIG/uart_config_conf.o
                0x08009b2c                UART_CONFIG_0_config
 .rodata.UART_0_channel_config
                0x08009b40        0xc ./Dave/Generated/UART/uart_conf.o
                0x08009b40                UART_0_channel_config
 .rodata.UART_0_tx_pin_config
                0x08009b4c        0xc ./Dave/Generated/UART/uart_conf.o
                0x08009b4c                UART_0_tx_pin_config
 .rodata.UART_0_tx_pin
                0x08009b58        0xc ./Dave/Generated/UART/uart_conf.o
                0x08009b58                UART_0_tx_pin
 .rodata.UART_0_config
                0x08009b64       0x30 ./Dave/Generated/UART/uart_conf.o
                0x08009b64                UART_0_config
 .rodata.UART_0_rx_pin_config
                0x08009b94        0xc ./Dave/Generated/UART/uart_conf.o
                0x08009b94                UART_0_rx_pin_config
 .rodata.PWM_SVM_0_PhUHighPin
                0x08009ba0        0x8 ./Dave/Generated/PWM_SVM/pwm_svm_conf.o
                0x08009ba0                PWM_SVM_0_PhUHighPin
 .rodata.PWM_SVM_0_PhULowPin
                0x08009ba8        0x8 ./Dave/Generated/PWM_SVM/pwm_svm_conf.o
                0x08009ba8                PWM_SVM_0_PhULowPin
 .rodata.PWM_SVM_0_PhVHighPin
                0x08009bb0        0x8 ./Dave/Generated/PWM_SVM/pwm_svm_conf.o
                0x08009bb0                PWM_SVM_0_PhVHighPin
 .rodata.PWM_SVM_0_PhVLowPin
                0x08009bb8        0x8 ./Dave/Generated/PWM_SVM/pwm_svm_conf.o
                0x08009bb8                PWM_SVM_0_PhVLowPin
 .rodata.PWM_SVM_0_PhWHighPin
                0x08009bc0        0x8 ./Dave/Generated/PWM_SVM/pwm_svm_conf.o
                0x08009bc0                PWM_SVM_0_PhWHighPin
 .rodata.PWM_SVM_0_PhWLowPin
                0x08009bc8        0x8 ./Dave/Generated/PWM_SVM/pwm_svm_conf.o
                0x08009bc8                PWM_SVM_0_PhWLowPin
 .rodata.PWM_SVM_0_PhUHiOutPinConf
                0x08009bd0        0xc ./Dave/Generated/PWM_SVM/pwm_svm_conf.o
                0x08009bd0                PWM_SVM_0_PhUHiOutPinConf
 .rodata.PWM_SVM_0_PhULoOutPinConf
                0x08009bdc        0xc ./Dave/Generated/PWM_SVM/pwm_svm_conf.o
                0x08009bdc                PWM_SVM_0_PhULoOutPinConf
 .rodata.PWM_SVM_0_PhVHiOutPinConf
                0x08009be8        0xc ./Dave/Generated/PWM_SVM/pwm_svm_conf.o
                0x08009be8                PWM_SVM_0_PhVHiOutPinConf
 .rodata.PWM_SVM_0_PhVLoOutPinConf
                0x08009bf4        0xc ./Dave/Generated/PWM_SVM/pwm_svm_conf.o
                0x08009bf4                PWM_SVM_0_PhVLoOutPinConf
 .rodata.PWM_SVM_0_PhWHiOutPinConf
                0x08009c00        0xc ./Dave/Generated/PWM_SVM/pwm_svm_conf.o
                0x08009c00                PWM_SVM_0_PhWHiOutPinConf
 .rodata.PWM_SVM_0_PhWLoOutPinConf
                0x08009c0c        0xc ./Dave/Generated/PWM_SVM/pwm_svm_conf.o
                0x08009c0c                PWM_SVM_0_PhWLoOutPinConf
 .rodata.PWM_SVM_0_InverterPin
                0x08009c18        0x8 ./Dave/Generated/PWM_SVM/pwm_svm_conf.o
                0x08009c18                PWM_SVM_0_InverterPin
 .rodata.PWM_SVM_0_InvPinConf
                0x08009c20        0xc ./Dave/Generated/PWM_SVM/pwm_svm_conf.o
                0x08009c20                PWM_SVM_0_InvPinConf
 .rodata.PWM_SVM_0_PhU
                0x08009c2c        0x8 ./Dave/Generated/PWM_SVM/pwm_svm_conf.o
                0x08009c2c                PWM_SVM_0_PhU
 .rodata.PWM_SVM_0_PhV
                0x08009c34        0x8 ./Dave/Generated/PWM_SVM/pwm_svm_conf.o
                0x08009c34                PWM_SVM_0_PhV
 .rodata.PWM_SVM_0_PhW
                0x08009c3c        0x8 ./Dave/Generated/PWM_SVM/pwm_svm_conf.o
                0x08009c3c                PWM_SVM_0_PhW
 .rodata.PWM_SVM_0_CurrentTrig
                0x08009c44        0x8 ./Dave/Generated/PWM_SVM/pwm_svm_conf.o
                0x08009c44                PWM_SVM_0_CurrentTrig
 .rodata.PWM_SVM_0_StartConfig
                0x08009c4c        0x4 ./Dave/Generated/PWM_SVM/pwm_svm_conf.o
                0x08009c4c                PWM_SVM_0_StartConfig
 .rodata.PWM_SVM_0_TimerInitHandle
                0x08009c50       0x10 ./Dave/Generated/PWM_SVM/pwm_svm_conf.o
                0x08009c50                PWM_SVM_0_TimerInitHandle
 .rodata.PWM_SVM_0_TimerInit_CurrentTrig
                0x08009c60       0x10 ./Dave/Generated/PWM_SVM/pwm_svm_conf.o
                0x08009c60                PWM_SVM_0_TimerInit_CurrentTrig
 .rodata.PWM_SVM_0_AppConfig
                0x08009c70       0x4c ./Dave/Generated/PWM_SVM/pwm_svm_conf.o
                0x08009c70                PWM_SVM_0_AppConfig
 .rodata.PWM_SVM_1_PhUHighPin
                0x08009cbc        0x8 ./Dave/Generated/PWM_SVM/pwm_svm_conf.o
                0x08009cbc                PWM_SVM_1_PhUHighPin
 .rodata.PWM_SVM_1_PhULowPin
                0x08009cc4        0x8 ./Dave/Generated/PWM_SVM/pwm_svm_conf.o
                0x08009cc4                PWM_SVM_1_PhULowPin
 .rodata.PWM_SVM_1_PhVHighPin
                0x08009ccc        0x8 ./Dave/Generated/PWM_SVM/pwm_svm_conf.o
                0x08009ccc                PWM_SVM_1_PhVHighPin
 .rodata.PWM_SVM_1_PhVLowPin
                0x08009cd4        0x8 ./Dave/Generated/PWM_SVM/pwm_svm_conf.o
                0x08009cd4                PWM_SVM_1_PhVLowPin
 .rodata.PWM_SVM_1_PhWHighPin
                0x08009cdc        0x8 ./Dave/Generated/PWM_SVM/pwm_svm_conf.o
                0x08009cdc                PWM_SVM_1_PhWHighPin
 .rodata.PWM_SVM_1_PhWLowPin
                0x08009ce4        0x8 ./Dave/Generated/PWM_SVM/pwm_svm_conf.o
                0x08009ce4                PWM_SVM_1_PhWLowPin
 .rodata.PWM_SVM_1_PhUHiOutPinConf
                0x08009cec        0xc ./Dave/Generated/PWM_SVM/pwm_svm_conf.o
                0x08009cec                PWM_SVM_1_PhUHiOutPinConf
 .rodata.PWM_SVM_1_PhULoOutPinConf
                0x08009cf8        0xc ./Dave/Generated/PWM_SVM/pwm_svm_conf.o
                0x08009cf8                PWM_SVM_1_PhULoOutPinConf
 .rodata.PWM_SVM_1_PhVHiOutPinConf
                0x08009d04        0xc ./Dave/Generated/PWM_SVM/pwm_svm_conf.o
                0x08009d04                PWM_SVM_1_PhVHiOutPinConf
 .rodata.PWM_SVM_1_PhVLoOutPinConf
                0x08009d10        0xc ./Dave/Generated/PWM_SVM/pwm_svm_conf.o
                0x08009d10                PWM_SVM_1_PhVLoOutPinConf
 .rodata.PWM_SVM_1_PhWHiOutPinConf
                0x08009d1c        0xc ./Dave/Generated/PWM_SVM/pwm_svm_conf.o
                0x08009d1c                PWM_SVM_1_PhWHiOutPinConf
 .rodata.PWM_SVM_1_PhWLoOutPinConf
                0x08009d28        0xc ./Dave/Generated/PWM_SVM/pwm_svm_conf.o
                0x08009d28                PWM_SVM_1_PhWLoOutPinConf
 .rodata.PWM_SVM_1_InverterPin
                0x08009d34        0x8 ./Dave/Generated/PWM_SVM/pwm_svm_conf.o
                0x08009d34                PWM_SVM_1_InverterPin
 .rodata.PWM_SVM_1_InvPinConf
                0x08009d3c        0xc ./Dave/Generated/PWM_SVM/pwm_svm_conf.o
                0x08009d3c                PWM_SVM_1_InvPinConf
 .rodata.PWM_SVM_1_PhU
                0x08009d48        0x8 ./Dave/Generated/PWM_SVM/pwm_svm_conf.o
                0x08009d48                PWM_SVM_1_PhU
 .rodata.PWM_SVM_1_PhV
                0x08009d50        0x8 ./Dave/Generated/PWM_SVM/pwm_svm_conf.o
                0x08009d50                PWM_SVM_1_PhV
 .rodata.PWM_SVM_1_PhW
                0x08009d58        0x8 ./Dave/Generated/PWM_SVM/pwm_svm_conf.o
                0x08009d58                PWM_SVM_1_PhW
 .rodata.PWM_SVM_1_CurrentTrig
                0x08009d60        0x8 ./Dave/Generated/PWM_SVM/pwm_svm_conf.o
                0x08009d60                PWM_SVM_1_CurrentTrig
 .rodata.PWM_SVM_1_StartConfig
                0x08009d68        0x4 ./Dave/Generated/PWM_SVM/pwm_svm_conf.o
                0x08009d68                PWM_SVM_1_StartConfig
 .rodata.PWM_SVM_1_TimerInitHandle
                0x08009d6c       0x10 ./Dave/Generated/PWM_SVM/pwm_svm_conf.o
                0x08009d6c                PWM_SVM_1_TimerInitHandle
 .rodata.PWM_SVM_1_TimerInit_CurrentTrig
                0x08009d7c       0x10 ./Dave/Generated/PWM_SVM/pwm_svm_conf.o
                0x08009d7c                PWM_SVM_1_TimerInit_CurrentTrig
 .rodata.PWM_SVM_1_AppConfig
                0x08009d8c       0x4c ./Dave/Generated/PWM_SVM/pwm_svm_conf.o
                0x08009d8c                PWM_SVM_1_AppConfig
 .rodata.Sinus60_tab
                0x08009dd8      0x804 ./Dave/Generated/PWM_SVM/pwm_svm_table.o
                0x08009dd8                Sinus60_tab
 .rodata.PWM_CCU4_2_timer_handle
                0x0800a5dc        0x8 ./Dave/Generated/PWM_CCU4/pwm_ccu4_conf.o
                0x0800a5dc                PWM_CCU4_2_timer_handle
 .rodata.PWM_CCU4_2_event0_config
                0x0800a5e4        0x4 ./Dave/Generated/PWM_CCU4/pwm_ccu4_conf.o
                0x0800a5e4                PWM_CCU4_2_event0_config
 .rodata.PWM_CCU4_2_event1_config
                0x0800a5e8        0x4 ./Dave/Generated/PWM_CCU4/pwm_ccu4_conf.o
                0x0800a5e8                PWM_CCU4_2_event1_config
 .rodata.PWM_CCU4_2_event2_config
                0x0800a5ec        0x4 ./Dave/Generated/PWM_CCU4/pwm_ccu4_conf.o
                0x0800a5ec                PWM_CCU4_2_event2_config
 .rodata.PWM_CCU4_2_ch1_out0_config
                0x0800a5f0        0xc ./Dave/Generated/PWM_CCU4/pwm_ccu4_conf.o
                0x0800a5f0                PWM_CCU4_2_ch1_out0_config
 .rodata.PWM_CCU4_2_config_handle
                0x0800a5fc       0x50 ./Dave/Generated/PWM_CCU4/pwm_ccu4_conf.o
                0x0800a5fc                PWM_CCU4_2_config_handle
 .rodata.I2C_MASTER_0_sda_pin_config
                0x0800a64c        0xc ./Dave/Generated/I2C_MASTER/i2c_master_conf.o
 .rodata.I2C_MASTER_0_scl_pin_config
                0x0800a658        0xc ./Dave/Generated/I2C_MASTER/i2c_master_conf.o
 .rodata.I2C_MASTER_0_channel_config
                0x0800a664        0x8 ./Dave/Generated/I2C_MASTER/i2c_master_conf.o
                0x0800a664                I2C_MASTER_0_channel_config
 .rodata.I2C_MASTER_0_config
                0x0800a66c       0x2c ./Dave/Generated/I2C_MASTER/i2c_master_conf.o
                0x0800a66c                I2C_MASTER_0_config
 .rodata.group_init_handle0
                0x0800a698       0x14 ./Dave/Generated/GLOBAL_ADC/global_adc_conf.o
                0x0800a698                group_init_handle0
 .rodata.group_init_handle1
                0x0800a6ac       0x14 ./Dave/Generated/GLOBAL_ADC/global_adc_conf.o
                0x0800a6ac                group_init_handle1
 .rodata.group_init_handle2
                0x0800a6c0       0x14 ./Dave/Generated/GLOBAL_ADC/global_adc_conf.o
                0x0800a6c0                group_init_handle2
 .rodata.group_init_handle3
                0x0800a6d4       0x14 ./Dave/Generated/GLOBAL_ADC/global_adc_conf.o
                0x0800a6d4                group_init_handle3
 .rodata.global_config
                0x0800a6e8       0x18 ./Dave/Generated/GLOBAL_ADC/global_adc_conf.o
                0x0800a6e8                global_config
 .rodata.Cooling_FAN
                0x0800a700       0x14 ./Dave/Generated/DIGITAL_IO/digital_io_conf.o
                0x0800a700                Cooling_FAN
 .rodata.Disable_Gate_Driver_M3
                0x0800a714       0x14 ./Dave/Generated/DIGITAL_IO/digital_io_conf.o
                0x0800a714                Disable_Gate_Driver_M3
 .rodata.DIGITAL_IO_2
                0x0800a728       0x14 ./Dave/Generated/DIGITAL_IO/digital_io_conf.o
                0x0800a728                DIGITAL_IO_2
 .rodata.DIGITAL_IO_3
                0x0800a73c       0x14 ./Dave/Generated/DIGITAL_IO/digital_io_conf.o
                0x0800a73c                DIGITAL_IO_3
 .rodata.DIGITAL_IO_4
                0x0800a750       0x14 ./Dave/Generated/DIGITAL_IO/digital_io_conf.o
                0x0800a750                DIGITAL_IO_4
 .rodata.DIGITAL_IO_5
                0x0800a764       0x14 ./Dave/Generated/DIGITAL_IO/digital_io_conf.o
                0x0800a764                DIGITAL_IO_5
 .rodata.DIGITAL_IO_6
                0x0800a778       0x14 ./Dave/Generated/DIGITAL_IO/digital_io_conf.o
                0x0800a778                DIGITAL_IO_6
 .rodata.DIGITAL_IO_7
                0x0800a78c       0x14 ./Dave/Generated/DIGITAL_IO/digital_io_conf.o
                0x0800a78c                DIGITAL_IO_7
 .rodata.DIGITAL_IO_8
                0x0800a7a0       0x14 ./Dave/Generated/DIGITAL_IO/digital_io_conf.o
                0x0800a7a0                DIGITAL_IO_8
 .rodata.DIGITAL_IO_9
                0x0800a7b4       0x14 ./Dave/Generated/DIGITAL_IO/digital_io_conf.o
                0x0800a7b4                DIGITAL_IO_9
 .rodata.DIGITAL_IO_10
                0x0800a7c8       0x14 ./Dave/Generated/DIGITAL_IO/digital_io_conf.o
                0x0800a7c8                DIGITAL_IO_10
 .rodata.DIGITAL_IO_11
                0x0800a7dc       0x14 ./Dave/Generated/DIGITAL_IO/digital_io_conf.o
                0x0800a7dc                DIGITAL_IO_11
 .rodata.DIGITAL_IO_12
                0x0800a7f0       0x14 ./Dave/Generated/DIGITAL_IO/digital_io_conf.o
                0x0800a7f0                DIGITAL_IO_12
 .rodata.DIGITAL_IO_13
                0x0800a804       0x14 ./Dave/Generated/DIGITAL_IO/digital_io_conf.o
                0x0800a804                DIGITAL_IO_13
 .rodata.RS485_DIR
                0x0800a818       0x14 ./Dave/Generated/DIGITAL_IO/digital_io_conf.o
                0x0800a818                RS485_DIR
 .rodata.DIGITAL_IO_15
                0x0800a82c       0x14 ./Dave/Generated/DIGITAL_IO/digital_io_conf.o
                0x0800a82c                DIGITAL_IO_15
 .rodata.IO_Bit1_DIR
                0x0800a840       0x14 ./Dave/Generated/DIGITAL_IO/digital_io_conf.o
                0x0800a840                IO_Bit1_DIR
 .rodata.IO_Bit0_DIR
                0x0800a854       0x14 ./Dave/Generated/DIGITAL_IO/digital_io_conf.o
                0x0800a854                IO_Bit0_DIR
 .rodata.HS_Overtemp
                0x0800a868       0x14 ./Dave/Generated/DIGITAL_IO/digital_io_conf.o
                0x0800a868                HS_Overtemp
 .rodata.IO_Bit3_DIR
                0x0800a87c       0x14 ./Dave/Generated/DIGITAL_IO/digital_io_conf.o
                0x0800a87c                IO_Bit3_DIR
 .rodata.IO_Bit2_DIR
                0x0800a890       0x14 ./Dave/Generated/DIGITAL_IO/digital_io_conf.o
                0x0800a890                IO_Bit2_DIR
 .rodata.IO_Bit2
                0x0800a8a4       0x14 ./Dave/Generated/DIGITAL_IO/digital_io_conf.o
                0x0800a8a4                IO_Bit2
 .rodata.IO_Bit1
                0x0800a8b8       0x14 ./Dave/Generated/DIGITAL_IO/digital_io_conf.o
                0x0800a8b8                IO_Bit1
 .rodata.IO_Bit0
                0x0800a8cc       0x14 ./Dave/Generated/DIGITAL_IO/digital_io_conf.o
                0x0800a8cc                IO_Bit0
 .rodata.IO_Bit3
                0x0800a8e0       0x14 ./Dave/Generated/DIGITAL_IO/digital_io_conf.o
                0x0800a8e0                IO_Bit3
 .rodata.Disable_Gate_Driver_M1_M2
                0x0800a8f4       0x14 ./Dave/Generated/DIGITAL_IO/digital_io_conf.o
                0x0800a8f4                Disable_Gate_Driver_M1_M2
 .rodata.DIGITAL_IO_26
                0x0800a908       0x14 ./Dave/Generated/DIGITAL_IO/digital_io_conf.o
                0x0800a908                DIGITAL_IO_26
 .rodata.DIGITAL_IO_27
                0x0800a91c       0x14 ./Dave/Generated/DIGITAL_IO/digital_io_conf.o
                0x0800a91c                DIGITAL_IO_27
 .rodata.DIGITAL_IO_28
                0x0800a930       0x14 ./Dave/Generated/DIGITAL_IO/digital_io_conf.o
                0x0800a930                DIGITAL_IO_28
 .rodata.DIGITAL_IO_29
                0x0800a944       0x14 ./Dave/Generated/DIGITAL_IO/digital_io_conf.o
                0x0800a944                DIGITAL_IO_29
 .rodata        0x0800a958       0x14 ./Dave/Generated/CLOCK_XMC4/clock_xmc4_conf.o
 .rodata.CCU8_SLICE_CONFIG_0
                0x0800a96c       0x10 ./Dave/Generated/CCU8_SLICE_CONFIG/ccu8_slice_config_conf.o
                0x0800a96c                CCU8_SLICE_CONFIG_0
 .rodata.CCU8_SLICE_CONFIG_0_compare_config
                0x0800a97c       0x10 ./Dave/Generated/CCU8_SLICE_CONFIG/ccu8_slice_config_conf.o
                0x0800a97c                CCU8_SLICE_CONFIG_0_compare_config
 .rodata.CCU8_SLICE_CONFIG_0_event0_config
                0x0800a98c        0x4 ./Dave/Generated/CCU8_SLICE_CONFIG/ccu8_slice_config_conf.o
                0x0800a98c                CCU8_SLICE_CONFIG_0_event0_config
 .rodata.CCU8_SLICE_CONFIG_0_event1_config
                0x0800a990        0x4 ./Dave/Generated/CCU8_SLICE_CONFIG/ccu8_slice_config_conf.o
                0x0800a990                CCU8_SLICE_CONFIG_0_event1_config
 .rodata.CCU8_SLICE_CONFIG_0_event2_config
                0x0800a994        0x4 ./Dave/Generated/CCU8_SLICE_CONFIG/ccu8_slice_config_conf.o
                0x0800a994                CCU8_SLICE_CONFIG_0_event2_config
 .rodata.CCU4_SLICE_CONFIG_0
                0x0800a998       0x10 ./Dave/Generated/CCU4_SLICE_CONFIG/ccu4_slice_config_conf.o
                0x0800a998                CCU4_SLICE_CONFIG_0
 .rodata.CCU4_SLICE_CONFIG_0_compare_config
                0x0800a9a8        0x8 ./Dave/Generated/CCU4_SLICE_CONFIG/ccu4_slice_config_conf.o
                0x0800a9a8                CCU4_SLICE_CONFIG_0_compare_config
 .rodata.CCU4_SLICE_CONFIG_0_event0_config
                0x0800a9b0        0x4 ./Dave/Generated/CCU4_SLICE_CONFIG/ccu4_slice_config_conf.o
                0x0800a9b0                CCU4_SLICE_CONFIG_0_event0_config
 .rodata.CCU4_SLICE_CONFIG_0_event1_config